ffmpeg version N-125610-g312c830916-https://www.martin-riedl.de Copyright (c) 2000-2026 the FFmpeg developers
  built with Apple clang version 14.0.0 (clang-1400.0.29.102)
  configuration: --prefix=/Volumes/ffmpeg_arm64/out --pkg-config-flags=--static --extra-version='https://www.martin-riedl.de' --enable-gray --enable-libxml2 --enable-version3 --enable-gpl --enable-openssl --enable-libfreetype --enable-fontconfig --enable-libharfbuzz --enable-libsnappy --enable-libsrt --enable-libvmaf --enable-libass --enable-libklvanc --enable-libzimg --enable-libzvbi --enable-libaom --enable-libdav1d --enable-libopenh264 --enable-libopenjpeg --enable-librav1e --enable-libsvtav1 --enable-libvpx --enable-libvvenc --enable-libwebp --enable-libx264 --enable-libx265 --enable-libmp3lame --enable-libopus --enable-libvorbis --enable-libtheora
  libavutil      61.  4.100 / 61.  4.100
  libavcodec     63.  6.100 / 63.  6.100
  libavformat    63.  5.100 / 63.  5.100
  libavdevice    63.  2.100 / 63.  2.100
  libavfilter    12.  3.100 / 12.  3.100
  libswscale     10.  2.100 / 10.  2.100
  libswresample   7.  2.100 /  7.  2.100
Input #0, mov,mp4,m4a,3gp,3g2,mj2, from '/Users/akash/Documents/all_rounder_yt_automation/runs/4WVZTgl1vE8/yt_dlp/4WVZTgl1vE8.mp4':
  Metadata:
    major_brand     : isom
    minor_version   : 512
    compatible_brands: isomiso2avc1mp41
    encoder         : Lavf63.5.100
  Duration: 00:03:25.78, start: 0.000000, bitrate: 410 kb/s
  Stream #0:0[0x1](und): Audio: aac (LC) (mp4a / 0x6134706D), 44100 Hz, stereo, fltp, 128 kb/s (default)
    Metadata:
      handler_name    : SoundHandler
  Stream #0:1[0x2](und): Video: h264 (Main) (avc1 / 0x31637661), yuv420p(tv, bt709, progressive), 854x480 [SAR 1:1 DAR 427:240], 274 kb/s, 29.97 fps, 29.97 tbr, 90k tbn, start 0.033367 (default)
    Metadata:
      handler_name    : VideoHandler
Stream mapping:
  Stream #0:1 -> #0:0 (h264 (native) -> h264 (libx264))
  Stream #0:0 -> #0:1 (aac (native) -> aac (native))
Press [q] to stop, [?] for help
[libx264 @ 0x12400be20] using SAR=1/1
[libx264 @ 0x12400be20] using cpu capabilities: ARMv8 NEON DotProd I8MM
[libx264 @ 0x12400be20] profile High, level 3.1, 4:2:0, 8-bit
[libx264 @ 0x12400be20] 264 - core 165 - H.264/MPEG-4 AVC codec - Copyleft 2003-2025 - http://www.videolan.org/x264.html - options: cabac=1 ref=1 deblock=1:0:0 analyse=0x3:0x113 me=hex subme=2 psy=1 psy_rd=1.00:0.00 mixed_ref=0 me_range=16 chroma_me=1 trellis=0 8x8dct=1 cqm=0 deadzone=21,11 fast_pskip=1 chroma_qp_offset=0 threads=15 lookahead_threads=3 sliced_threads=0 nr=0 decimate=1 interlaced=0 bluray_compat=0 constrained_intra=0 bframes=3 b_pyramid=2 b_adapt=1 b_bias=0 direct=1 weightb=1 open_gop=0 weightp=1 keyint=250 keyint_min=25 scenecut=40 intra_refresh=0 rc_lookahead=10 rc=crf mbtree=1 crf=18.0 qcomp=0.60 qpmin=0 qpmax=69 qpstep=4 ip_ratio=1.40 aq=1:1.00
Output #0, mp4, to '/Users/akash/Documents/all_rounder_yt_automation/runs/4WVZTgl1vE8/yt_dlp/4WVZTgl1vE8.normalized.mp4':
  Metadata:
    encoder         : Lavf63.5.100
  Stream #0:0(und): Video: h264 (avc1 / 0x31637661), yuv420p(tv, bt709, progressive), 854x480 [SAR 1:1 DAR 427:240], q=2-31, 29.97 fps, 30k tbn (default)
    Metadata:
      encoder         : Lavc63.6.100 libx264
      handler_name    : VideoHandler
    Side data:
      CPB properties: bitrate max/min/avg: 0/0/0 buffer size: 0 vbv_delay: N/A
  Stream #0:1(und): Audio: aac (LC) (mp4a / 0x6134706D), 44100 Hz, stereo, fltp, 160 kb/s (default)
    Metadata:
      encoder         : Lavc63.6.100 aac
      handler_name    : SoundHandler
frame=  478 fps=0.0 q=24.0 size=    2304KiB time=00:00:15.91 bitrate=1185.9kbits/s speed=31.5x elapsed=0:00:00.50    
frame= 1085 fps=1074 q=24.0 size=    4608KiB time=00:00:36.31 bitrate=1039.5kbits/s speed=  36x elapsed=0:00:01.01    
frame= 1723 fps=1139 q=24.0 size=    6400KiB time=00:00:57.45 bitrate= 912.5kbits/s speed=  38x elapsed=0:00:01.51    
frame= 2331 fps=1155 q=24.0 size=    8448KiB time=00:01:17.76 bitrate= 890.0kbits/s speed=38.5x elapsed=0:00:02.01    
frame= 2980 fps=1181 q=24.0 size=   10240KiB time=00:01:39.54 bitrate= 842.7kbits/s speed=39.5x elapsed=0:00:02.52    
frame= 3629 fps=1199 q=24.0 size=   12032KiB time=00:02:01.11 bitrate= 813.8kbits/s speed=  40x elapsed=0:00:03.02    
frame= 4250 fps=1203 q=24.0 size=   13824KiB time=00:02:21.77 bitrate= 798.8kbits/s speed=40.1x elapsed=0:00:03.53    
frame= 4894 fps=1212 q=24.0 size=   15616KiB time=00:02:43.42 bitrate= 782.8kbits/s speed=40.5x elapsed=0:00:04.03    
frame= 5428 fps=1196 q=24.0 size=   17408KiB time=00:03:01.13 bitrate= 787.3kbits/s speed=39.9x elapsed=0:00:04.53    
frame= 5980 fps=1186 q=24.0 size=   19456KiB time=00:03:19.76 bitrate= 797.9kbits/s speed=39.6x elapsed=0:00:05.04    
[mp4 @ 0x124006830] Starting second pass: moving the moov atom to the beginning of the file
[out#0/mp4 @ 0x124006720] video:17004KiB audio:3356KiB subtitle:0KiB other streams:0KiB global headers:0KiB muxing overhead: 1.048967%
frame= 6165 fps=1188 q=-1.0 Lsize=   20573KiB time=00:03:25.77 bitrate= 819.0kbits/s speed=39.7x elapsed=0:00:05.18    
[libx264 @ 0x12400be20] frame I:99    Avg QP:12.43  size: 26896
[libx264 @ 0x12400be20] frame P:2342  Avg QP:16.66  size:  4801
[libx264 @ 0x12400be20] frame B:3724  Avg QP:19.99  size:   941
[libx264 @ 0x12400be20] consecutive B-frames:  3.3% 36.3% 36.2% 24.1%
[libx264 @ 0x12400be20] mb I  I16..4: 21.5% 24.6% 53.9%
[libx264 @ 0x12400be20] mb P  I16..4:  4.8%  4.9%  1.7%  P16..4: 23.7% 10.4%  6.5%  0.0%  0.0%    skip:48.0%
[libx264 @ 0x12400be20] mb B  I16..4:  0.4%  0.3%  0.0%  B16..8: 13.4%  3.1%  0.3%  direct: 2.0%  skip:80.4%  L0:33.2% L1:53.9% BI:12.9%
[libx264 @ 0x12400be20] 8x8 transform intra:38.3% inter:32.6%
[libx264 @ 0x12400be20] coded y,uvDC,uvAC intra: 51.4% 34.9% 13.4% inter: 4.5% 3.2% 0.1%
[libx264 @ 0x12400be20] i16 v,h,dc,p: 53% 22% 16%  9%
[libx264 @ 0x12400be20] i8 v,h,dc,ddl,ddr,vr,hd,vl,hu: 35% 25% 22%  2%  3%  3%  3%  4%  4%
[libx264 @ 0x12400be20] i4 v,h,dc,ddl,ddr,vr,hd,vl,hu: 34% 21% 16%  2%  7%  5%  5%  5%  5%
[libx264 @ 0x12400be20] i8c dc,h,v,p: 61% 15% 19%  5%
[libx264 @ 0x12400be20] Weighted P-Frames: Y:0.2% UV:0.2%
[libx264 @ 0x12400be20] kb/s:677.12
[aac @ 0x124068650] Qavg: 5.768  Tr: 5.6%  TNS(L): 7.5%  TNS(S): 13.5%  M/S: 68.2%  I/S: 0.0%  PNS: 0.0%
