Extracting cookies from chrome
Extracted 1537 cookies from chrome
[youtube] Extracting URL: https://www.youtube.com/watch?v=4WVZTgl1vE8
[youtube] 4WVZTgl1vE8: Downloading webpage
[youtube] 4WVZTgl1vE8: Downloading web safari client config
[youtube] 4WVZTgl1vE8: Downloading web safari player API JSON
[youtube] 4WVZTgl1vE8: Downloading player 2574220e-main
[youtube] [jsc:deno] Solving JS challenges using deno
[youtube] 4WVZTgl1vE8: Downloading m3u8 information
[info] 4WVZTgl1vE8: Downloading 1 format(s): 94
[info] Writing video description to: /Users/akash/Documents/all_rounder_yt_automation/runs/4WVZTgl1vE8/yt_dlp/4WVZTgl1vE8.description
[info] There are no subtitles for the requested languages
[info] Downloading video thumbnail 45 ...
[info] Writing video thumbnail 45 to: /Users/akash/Documents/all_rounder_yt_automation/runs/4WVZTgl1vE8/yt_dlp/4WVZTgl1vE8.45.webp
[info] Downloading video thumbnail 44 ...
[info] Writing video thumbnail 44 to: /Users/akash/Documents/all_rounder_yt_automation/runs/4WVZTgl1vE8/yt_dlp/4WVZTgl1vE8.44.jpg
[info] Downloading video thumbnail 43 ...
[info] Writing video thumbnail 43 to: /Users/akash/Documents/all_rounder_yt_automation/runs/4WVZTgl1vE8/yt_dlp/4WVZTgl1vE8.43.webp
[info] Downloading video thumbnail 42 ...
[info] Writing video thumbnail 42 to: /Users/akash/Documents/all_rounder_yt_automation/runs/4WVZTgl1vE8/yt_dlp/4WVZTgl1vE8.42.jpg
[info] Downloading video thumbnail 41 ...
[info] Writing video thumbnail 41 to: /Users/akash/Documents/all_rounder_yt_automation/runs/4WVZTgl1vE8/yt_dlp/4WVZTgl1vE8.41.webp
[info] Downloading video thumbnail 40 ...
[info] Writing video thumbnail 40 to: /Users/akash/Documents/all_rounder_yt_automation/runs/4WVZTgl1vE8/yt_dlp/4WVZTgl1vE8.40.jpg
[info] Downloading video thumbnail 39 ...
[info] Writing video thumbnail 39 to: /Users/akash/Documents/all_rounder_yt_automation/runs/4WVZTgl1vE8/yt_dlp/4WVZTgl1vE8.39.webp
[info] Downloading video thumbnail 38 ...
[info] Writing video thumbnail 38 to: /Users/akash/Documents/all_rounder_yt_automation/runs/4WVZTgl1vE8/yt_dlp/4WVZTgl1vE8.38.jpg
[info] Downloading video thumbnail 37 ...
[info] Writing video thumbnail 37 to: /Users/akash/Documents/all_rounder_yt_automation/runs/4WVZTgl1vE8/yt_dlp/4WVZTgl1vE8.37.jpg
[info] Downloading video thumbnail 36 ...
[info] Writing video thumbnail 36 to: /Users/akash/Documents/all_rounder_yt_automation/runs/4WVZTgl1vE8/yt_dlp/4WVZTgl1vE8.36.jpg
[info] Downloading video thumbnail 35 ...
[info] Writing video thumbnail 35 to: /Users/akash/Documents/all_rounder_yt_automation/runs/4WVZTgl1vE8/yt_dlp/4WVZTgl1vE8.35.jpg
[info] Downloading video thumbnail 34 ...
[info] Writing video thumbnail 34 to: /Users/akash/Documents/all_rounder_yt_automation/runs/4WVZTgl1vE8/yt_dlp/4WVZTgl1vE8.34.jpg
[info] Downloading video thumbnail 33 ...
[info] Writing video thumbnail 33 to: /Users/akash/Documents/all_rounder_yt_automation/runs/4WVZTgl1vE8/yt_dlp/4WVZTgl1vE8.33.jpg
[info] Downloading video thumbnail 32 ...
[info] Writing video thumbnail 32 to: /Users/akash/Documents/all_rounder_yt_automation/runs/4WVZTgl1vE8/yt_dlp/4WVZTgl1vE8.32.jpg
[info] Downloading video thumbnail 31 ...
[info] Writing video thumbnail 31 to: /Users/akash/Documents/all_rounder_yt_automation/runs/4WVZTgl1vE8/yt_dlp/4WVZTgl1vE8.31.jpg
[info] Downloading video thumbnail 30 ...
[info] Writing video thumbnail 30 to: /Users/akash/Documents/all_rounder_yt_automation/runs/4WVZTgl1vE8/yt_dlp/4WVZTgl1vE8.30.jpg
[info] Downloading video thumbnail 29 ...
[info] Writing video thumbnail 29 to: /Users/akash/Documents/all_rounder_yt_automation/runs/4WVZTgl1vE8/yt_dlp/4WVZTgl1vE8.29.webp
[info] Downloading video thumbnail 28 ...
[info] Writing video thumbnail 28 to: /Users/akash/Documents/all_rounder_yt_automation/runs/4WVZTgl1vE8/yt_dlp/4WVZTgl1vE8.28.jpg
[info] Downloading video thumbnail 27 ...
[info] Writing video thumbnail 27 to: /Users/akash/Documents/all_rounder_yt_automation/runs/4WVZTgl1vE8/yt_dlp/4WVZTgl1vE8.27.webp
[info] Downloading video thumbnail 26 ...
[info] Writing video thumbnail 26 to: /Users/akash/Documents/all_rounder_yt_automation/runs/4WVZTgl1vE8/yt_dlp/4WVZTgl1vE8.26.jpg
[info] Downloading video thumbnail 25 ...
[info] Writing video thumbnail 25 to: /Users/akash/Documents/all_rounder_yt_automation/runs/4WVZTgl1vE8/yt_dlp/4WVZTgl1vE8.25.webp
[info] Downloading video thumbnail 24 ...
[info] Writing video thumbnail 24 to: /Users/akash/Documents/all_rounder_yt_automation/runs/4WVZTgl1vE8/yt_dlp/4WVZTgl1vE8.24.jpg
[info] Downloading video thumbnail 23 ...
[info] Writing video thumbnail 23 to: /Users/akash/Documents/all_rounder_yt_automation/runs/4WVZTgl1vE8/yt_dlp/4WVZTgl1vE8.23.webp
[info] Downloading video thumbnail 22 ...
[info] Writing video thumbnail 22 to: /Users/akash/Documents/all_rounder_yt_automation/runs/4WVZTgl1vE8/yt_dlp/4WVZTgl1vE8.22.jpg
[info] Downloading video thumbnail 21 ...
[info] Writing video thumbnail 21 to: /Users/akash/Documents/all_rounder_yt_automation/runs/4WVZTgl1vE8/yt_dlp/4WVZTgl1vE8.21.webp
[info] Downloading video thumbnail 20 ...
[info] Writing video thumbnail 20 to: /Users/akash/Documents/all_rounder_yt_automation/runs/4WVZTgl1vE8/yt_dlp/4WVZTgl1vE8.20.jpg
[info] Downloading video thumbnail 19 ...
[info] Writing video thumbnail 19 to: /Users/akash/Documents/all_rounder_yt_automation/runs/4WVZTgl1vE8/yt_dlp/4WVZTgl1vE8.19.webp
[info] Downloading video thumbnail 18 ...
[info] Writing video thumbnail 18 to: /Users/akash/Documents/all_rounder_yt_automation/runs/4WVZTgl1vE8/yt_dlp/4WVZTgl1vE8.18.jpg
[info] Downloading video thumbnail 17 ...
[info] Writing video thumbnail 17 to: /Users/akash/Documents/all_rounder_yt_automation/runs/4WVZTgl1vE8/yt_dlp/4WVZTgl1vE8.17.webp
[info] Downloading video thumbnail 16 ...
[info] Writing video thumbnail 16 to: /Users/akash/Documents/all_rounder_yt_automation/runs/4WVZTgl1vE8/yt_dlp/4WVZTgl1vE8.16.jpg
[info] Downloading video thumbnail 15 ...
[info] Writing video thumbnail 15 to: /Users/akash/Documents/all_rounder_yt_automation/runs/4WVZTgl1vE8/yt_dlp/4WVZTgl1vE8.15.webp
[info] Downloading video thumbnail 14 ...
[info] Writing video thumbnail 14 to: /Users/akash/Documents/all_rounder_yt_automation/runs/4WVZTgl1vE8/yt_dlp/4WVZTgl1vE8.14.jpg
[info] Downloading video thumbnail 13 ...
[info] Writing video thumbnail 13 to: /Users/akash/Documents/all_rounder_yt_automation/runs/4WVZTgl1vE8/yt_dlp/4WVZTgl1vE8.13.webp
[info] Downloading video thumbnail 12 ...
[info] Writing video thumbnail 12 to: /Users/akash/Documents/all_rounder_yt_automation/runs/4WVZTgl1vE8/yt_dlp/4WVZTgl1vE8.12.jpg
[info] Downloading video thumbnail 11 ...
[info] Writing video thumbnail 11 to: /Users/akash/Documents/all_rounder_yt_automation/runs/4WVZTgl1vE8/yt_dlp/4WVZTgl1vE8.11.webp
[info] Downloading video thumbnail 10 ...
[info] Writing video thumbnail 10 to: /Users/akash/Documents/all_rounder_yt_automation/runs/4WVZTgl1vE8/yt_dlp/4WVZTgl1vE8.10.jpg
[info] Downloading video thumbnail 9 ...
[info] Writing video thumbnail 9 to: /Users/akash/Documents/all_rounder_yt_automation/runs/4WVZTgl1vE8/yt_dlp/4WVZTgl1vE8.9.webp
[info] Downloading video thumbnail 8 ...
[info] Writing video thumbnail 8 to: /Users/akash/Documents/all_rounder_yt_automation/runs/4WVZTgl1vE8/yt_dlp/4WVZTgl1vE8.8.jpg
[info] Downloading video thumbnail 7 ...
[info] Writing video thumbnail 7 to: /Users/akash/Documents/all_rounder_yt_automation/runs/4WVZTgl1vE8/yt_dlp/4WVZTgl1vE8.7.webp
[info] Downloading video thumbnail 6 ...
[info] Writing video thumbnail 6 to: /Users/akash/Documents/all_rounder_yt_automation/runs/4WVZTgl1vE8/yt_dlp/4WVZTgl1vE8.6.jpg
[info] Downloading video thumbnail 5 ...
[info] Writing video thumbnail 5 to: /Users/akash/Documents/all_rounder_yt_automation/runs/4WVZTgl1vE8/yt_dlp/4WVZTgl1vE8.5.webp
[info] Downloading video thumbnail 4 ...
[info] Writing video thumbnail 4 to: /Users/akash/Documents/all_rounder_yt_automation/runs/4WVZTgl1vE8/yt_dlp/4WVZTgl1vE8.4.jpg
[info] Downloading video thumbnail 3 ...
[info] Writing video thumbnail 3 to: /Users/akash/Documents/all_rounder_yt_automation/runs/4WVZTgl1vE8/yt_dlp/4WVZTgl1vE8.3.webp
[info] Downloading video thumbnail 2 ...
[info] Writing video thumbnail 2 to: /Users/akash/Documents/all_rounder_yt_automation/runs/4WVZTgl1vE8/yt_dlp/4WVZTgl1vE8.2.jpg
[info] Downloading video thumbnail 1 ...
[info] Writing video thumbnail 1 to: /Users/akash/Documents/all_rounder_yt_automation/runs/4WVZTgl1vE8/yt_dlp/4WVZTgl1vE8.1.webp
[info] Downloading video thumbnail 0 ...
[info] Writing video thumbnail 0 to: /Users/akash/Documents/all_rounder_yt_automation/runs/4WVZTgl1vE8/yt_dlp/4WVZTgl1vE8.0.jpg
[info] Writing video metadata as JSON to: /Users/akash/Documents/all_rounder_yt_automation/runs/4WVZTgl1vE8/yt_dlp/4WVZTgl1vE8.info.json
[ThumbnailsConvertor] Not converting thumbnail "/Users/akash/Documents/all_rounder_yt_automation/runs/4WVZTgl1vE8/yt_dlp/4WVZTgl1vE8.0.jpg"; already is in target format jpg
[ThumbnailsConvertor] Converting thumbnail "/Users/akash/Documents/all_rounder_yt_automation/runs/4WVZTgl1vE8/yt_dlp/4WVZTgl1vE8.1.webp" to jpg
[ThumbnailsConvertor] Not converting thumbnail "/Users/akash/Documents/all_rounder_yt_automation/runs/4WVZTgl1vE8/yt_dlp/4WVZTgl1vE8.2.jpg"; already is in target format jpg
[ThumbnailsConvertor] Converting thumbnail "/Users/akash/Documents/all_rounder_yt_automation/runs/4WVZTgl1vE8/yt_dlp/4WVZTgl1vE8.3.webp" to jpg
[ThumbnailsConvertor] Not converting thumbnail "/Users/akash/Documents/all_rounder_yt_automation/runs/4WVZTgl1vE8/yt_dlp/4WVZTgl1vE8.4.jpg"; already is in target format jpg
[ThumbnailsConvertor] Converting thumbnail "/Users/akash/Documents/all_rounder_yt_automation/runs/4WVZTgl1vE8/yt_dlp/4WVZTgl1vE8.5.webp" to jpg
[ThumbnailsConvertor] Not converting thumbnail "/Users/akash/Documents/all_rounder_yt_automation/runs/4WVZTgl1vE8/yt_dlp/4WVZTgl1vE8.6.jpg"; already is in target format jpg
[ThumbnailsConvertor] Converting thumbnail "/Users/akash/Documents/all_rounder_yt_automation/runs/4WVZTgl1vE8/yt_dlp/4WVZTgl1vE8.7.webp" to jpg
[ThumbnailsConvertor] Not converting thumbnail "/Users/akash/Documents/all_rounder_yt_automation/runs/4WVZTgl1vE8/yt_dlp/4WVZTgl1vE8.8.jpg"; already is in target format jpg
[ThumbnailsConvertor] Converting thumbnail "/Users/akash/Documents/all_rounder_yt_automation/runs/4WVZTgl1vE8/yt_dlp/4WVZTgl1vE8.9.webp" to jpg
[ThumbnailsConvertor] Not converting thumbnail "/Users/akash/Documents/all_rounder_yt_automation/runs/4WVZTgl1vE8/yt_dlp/4WVZTgl1vE8.10.jpg"; already is in target format jpg
[ThumbnailsConvertor] Converting thumbnail "/Users/akash/Documents/all_rounder_yt_automation/runs/4WVZTgl1vE8/yt_dlp/4WVZTgl1vE8.11.webp" to jpg
[ThumbnailsConvertor] Not converting thumbnail "/Users/akash/Documents/all_rounder_yt_automation/runs/4WVZTgl1vE8/yt_dlp/4WVZTgl1vE8.12.jpg"; already is in target format jpg
[ThumbnailsConvertor] Converting thumbnail "/Users/akash/Documents/all_rounder_yt_automation/runs/4WVZTgl1vE8/yt_dlp/4WVZTgl1vE8.13.webp" to jpg
[ThumbnailsConvertor] Not converting thumbnail "/Users/akash/Documents/all_rounder_yt_automation/runs/4WVZTgl1vE8/yt_dlp/4WVZTgl1vE8.14.jpg"; already is in target format jpg
[ThumbnailsConvertor] Converting thumbnail "/Users/akash/Documents/all_rounder_yt_automation/runs/4WVZTgl1vE8/yt_dlp/4WVZTgl1vE8.15.webp" to jpg
[ThumbnailsConvertor] Not converting thumbnail "/Users/akash/Documents/all_rounder_yt_automation/runs/4WVZTgl1vE8/yt_dlp/4WVZTgl1vE8.16.jpg"; already is in target format jpg
[ThumbnailsConvertor] Converting thumbnail "/Users/akash/Documents/all_rounder_yt_automation/runs/4WVZTgl1vE8/yt_dlp/4WVZTgl1vE8.17.webp" to jpg
[ThumbnailsConvertor] Not converting thumbnail "/Users/akash/Documents/all_rounder_yt_automation/runs/4WVZTgl1vE8/yt_dlp/4WVZTgl1vE8.18.jpg"; already is in target format jpg
[ThumbnailsConvertor] Converting thumbnail "/Users/akash/Documents/all_rounder_yt_automation/runs/4WVZTgl1vE8/yt_dlp/4WVZTgl1vE8.19.webp" to jpg
[ThumbnailsConvertor] Not converting thumbnail "/Users/akash/Documents/all_rounder_yt_automation/runs/4WVZTgl1vE8/yt_dlp/4WVZTgl1vE8.20.jpg"; already is in target format jpg
[ThumbnailsConvertor] Converting thumbnail "/Users/akash/Documents/all_rounder_yt_automation/runs/4WVZTgl1vE8/yt_dlp/4WVZTgl1vE8.21.webp" to jpg
[ThumbnailsConvertor] Not converting thumbnail "/Users/akash/Documents/all_rounder_yt_automation/runs/4WVZTgl1vE8/yt_dlp/4WVZTgl1vE8.22.jpg"; already is in target format jpg
[ThumbnailsConvertor] Converting thumbnail "/Users/akash/Documents/all_rounder_yt_automation/runs/4WVZTgl1vE8/yt_dlp/4WVZTgl1vE8.23.webp" to jpg
[ThumbnailsConvertor] Not converting thumbnail "/Users/akash/Documents/all_rounder_yt_automation/runs/4WVZTgl1vE8/yt_dlp/4WVZTgl1vE8.24.jpg"; already is in target format jpg
[ThumbnailsConvertor] Converting thumbnail "/Users/akash/Documents/all_rounder_yt_automation/runs/4WVZTgl1vE8/yt_dlp/4WVZTgl1vE8.25.webp" to jpg
[ThumbnailsConvertor] Not converting thumbnail "/Users/akash/Documents/all_rounder_yt_automation/runs/4WVZTgl1vE8/yt_dlp/4WVZTgl1vE8.26.jpg"; already is in target format jpg
[ThumbnailsConvertor] Converting thumbnail "/Users/akash/Documents/all_rounder_yt_automation/runs/4WVZTgl1vE8/yt_dlp/4WVZTgl1vE8.27.webp" to jpg
[ThumbnailsConvertor] Not converting thumbnail "/Users/akash/Documents/all_rounder_yt_automation/runs/4WVZTgl1vE8/yt_dlp/4WVZTgl1vE8.28.jpg"; already is in target format jpg
[ThumbnailsConvertor] Converting thumbnail "/Users/akash/Documents/all_rounder_yt_automation/runs/4WVZTgl1vE8/yt_dlp/4WVZTgl1vE8.29.webp" to jpg
[ThumbnailsConvertor] Not converting thumbnail "/Users/akash/Documents/all_rounder_yt_automation/runs/4WVZTgl1vE8/yt_dlp/4WVZTgl1vE8.30.jpg"; already is in target format jpg
[ThumbnailsConvertor] Not converting thumbnail "/Users/akash/Documents/all_rounder_yt_automation/runs/4WVZTgl1vE8/yt_dlp/4WVZTgl1vE8.31.jpg"; already is in target format jpg
[ThumbnailsConvertor] Not converting thumbnail "/Users/akash/Documents/all_rounder_yt_automation/runs/4WVZTgl1vE8/yt_dlp/4WVZTgl1vE8.32.jpg"; already is in target format jpg
[ThumbnailsConvertor] Not converting thumbnail "/Users/akash/Documents/all_rounder_yt_automation/runs/4WVZTgl1vE8/yt_dlp/4WVZTgl1vE8.33.jpg"; already is in target format jpg
[ThumbnailsConvertor] Not converting thumbnail "/Users/akash/Documents/all_rounder_yt_automation/runs/4WVZTgl1vE8/yt_dlp/4WVZTgl1vE8.34.jpg"; already is in target format jpg
[ThumbnailsConvertor] Not converting thumbnail "/Users/akash/Documents/all_rounder_yt_automation/runs/4WVZTgl1vE8/yt_dlp/4WVZTgl1vE8.35.jpg"; already is in target format jpg
[ThumbnailsConvertor] Not converting thumbnail "/Users/akash/Documents/all_rounder_yt_automation/runs/4WVZTgl1vE8/yt_dlp/4WVZTgl1vE8.36.jpg"; already is in target format jpg
[ThumbnailsConvertor] Not converting thumbnail "/Users/akash/Documents/all_rounder_yt_automation/runs/4WVZTgl1vE8/yt_dlp/4WVZTgl1vE8.37.jpg"; already is in target format jpg
[ThumbnailsConvertor] Not converting thumbnail "/Users/akash/Documents/all_rounder_yt_automation/runs/4WVZTgl1vE8/yt_dlp/4WVZTgl1vE8.38.jpg"; already is in target format jpg
[ThumbnailsConvertor] Converting thumbnail "/Users/akash/Documents/all_rounder_yt_automation/runs/4WVZTgl1vE8/yt_dlp/4WVZTgl1vE8.39.webp" to jpg
[ThumbnailsConvertor] Not converting thumbnail "/Users/akash/Documents/all_rounder_yt_automation/runs/4WVZTgl1vE8/yt_dlp/4WVZTgl1vE8.40.jpg"; already is in target format jpg
[ThumbnailsConvertor] Converting thumbnail "/Users/akash/Documents/all_rounder_yt_automation/runs/4WVZTgl1vE8/yt_dlp/4WVZTgl1vE8.41.webp" to jpg
[ThumbnailsConvertor] Not converting thumbnail "/Users/akash/Documents/all_rounder_yt_automation/runs/4WVZTgl1vE8/yt_dlp/4WVZTgl1vE8.42.jpg"; already is in target format jpg
[ThumbnailsConvertor] Converting thumbnail "/Users/akash/Documents/all_rounder_yt_automation/runs/4WVZTgl1vE8/yt_dlp/4WVZTgl1vE8.43.webp" to jpg
[ThumbnailsConvertor] Not converting thumbnail "/Users/akash/Documents/all_rounder_yt_automation/runs/4WVZTgl1vE8/yt_dlp/4WVZTgl1vE8.44.jpg"; already is in target format jpg
[ThumbnailsConvertor] Converting thumbnail "/Users/akash/Documents/all_rounder_yt_automation/runs/4WVZTgl1vE8/yt_dlp/4WVZTgl1vE8.45.webp" to jpg
Deleting original file /Users/akash/Documents/all_rounder_yt_automation/runs/4WVZTgl1vE8/yt_dlp/4WVZTgl1vE8.17.webp (pass -k to keep)
Deleting original file /Users/akash/Documents/all_rounder_yt_automation/runs/4WVZTgl1vE8/yt_dlp/4WVZTgl1vE8.9.webp (pass -k to keep)
Deleting original file /Users/akash/Documents/all_rounder_yt_automation/runs/4WVZTgl1vE8/yt_dlp/4WVZTgl1vE8.27.webp (pass -k to keep)
Deleting original file /Users/akash/Documents/all_rounder_yt_automation/runs/4WVZTgl1vE8/yt_dlp/4WVZTgl1vE8.43.webp (pass -k to keep)
Deleting original file /Users/akash/Documents/all_rounder_yt_automation/runs/4WVZTgl1vE8/yt_dlp/4WVZTgl1vE8.11.webp (pass -k to keep)
Deleting original file /Users/akash/Documents/all_rounder_yt_automation/runs/4WVZTgl1vE8/yt_dlp/4WVZTgl1vE8.13.webp (pass -k to keep)
Deleting original file /Users/akash/Documents/all_rounder_yt_automation/runs/4WVZTgl1vE8/yt_dlp/4WVZTgl1vE8.21.webp (pass -k to keep)
Deleting original file /Users/akash/Documents/all_rounder_yt_automation/runs/4WVZTgl1vE8/yt_dlp/4WVZTgl1vE8.15.webp (pass -k to keep)
Deleting original file /Users/akash/Documents/all_rounder_yt_automation/runs/4WVZTgl1vE8/yt_dlp/4WVZTgl1vE8.5.webp (pass -k to keep)
Deleting original file /Users/akash/Documents/all_rounder_yt_automation/runs/4WVZTgl1vE8/yt_dlp/4WVZTgl1vE8.45.webp (pass -k to keep)
Deleting original file /Users/akash/Documents/all_rounder_yt_automation/runs/4WVZTgl1vE8/yt_dlp/4WVZTgl1vE8.1.webp (pass -k to keep)
Deleting original file /Users/akash/Documents/all_rounder_yt_automation/runs/4WVZTgl1vE8/yt_dlp/4WVZTgl1vE8.25.webp (pass -k to keep)
Deleting original file /Users/akash/Documents/all_rounder_yt_automation/runs/4WVZTgl1vE8/yt_dlp/4WVZTgl1vE8.23.webp (pass -k to keep)
Deleting original file /Users/akash/Documents/all_rounder_yt_automation/runs/4WVZTgl1vE8/yt_dlp/4WVZTgl1vE8.7.webp (pass -k to keep)
Deleting original file /Users/akash/Documents/all_rounder_yt_automation/runs/4WVZTgl1vE8/yt_dlp/4WVZTgl1vE8.19.webp (pass -k to keep)
Deleting original file /Users/akash/Documents/all_rounder_yt_automation/runs/4WVZTgl1vE8/yt_dlp/4WVZTgl1vE8.29.webp (pass -k to keep)
Deleting original file /Users/akash/Documents/all_rounder_yt_automation/runs/4WVZTgl1vE8/yt_dlp/4WVZTgl1vE8.39.webp (pass -k to keep)
Deleting original file /Users/akash/Documents/all_rounder_yt_automation/runs/4WVZTgl1vE8/yt_dlp/4WVZTgl1vE8.3.webp (pass -k to keep)
Deleting original file /Users/akash/Documents/all_rounder_yt_automation/runs/4WVZTgl1vE8/yt_dlp/4WVZTgl1vE8.41.webp (pass -k to keep)
[hlsnative] Downloading m3u8 manifest
[hlsnative] Total fragments: 40
[download] Destination: /Users/akash/Documents/all_rounder_yt_automation/runs/4WVZTgl1vE8/yt_dlp/4WVZTgl1vE8.mp4

[download] 100.0% of ~   1.00KiB at    807.14B/s ETA Unknown (frag 0/40)
[download]   7.5% of ~  40.00KiB at    807.14B/s ETA Unknown (frag 0/40)
[download]   5.8% of ~ 120.00KiB at    807.14B/s ETA Unknown (frag 0/40)
[download]   5.4% of ~ 280.00KiB at    807.14B/s ETA Unknown (frag 0/40)
[download]   5.2% of ~ 600.00KiB at    807.14B/s ETA Unknown (frag 0/40)
[download]   5.1% of ~   1.21MiB at    807.14B/s ETA Unknown (frag 0/40)
[download]   5.0% of ~   2.46MiB at    807.14B/s ETA Unknown (frag 0/40)
[download]   5.0% of ~   4.96MiB at  149.88KiB/s ETA Unknown (frag 0/40)
[download]   2.8% of ~   9.96MiB at  149.88KiB/s ETA Unknown (frag 0/40)
[download]   1.2% of ~  22.52MiB at  149.88KiB/s ETA Unknown (frag 1/40)
[download]   5.0% of ~   5.63MiB at  255.69KiB/s ETA Unknown (frag 1/40)
[download]   5.0% of ~   5.65MiB at  255.69KiB/s ETA Unknown (frag 1/40)
[download]   5.1% of ~   5.69MiB at  255.69KiB/s ETA Unknown (frag 1/40)
[download]   5.1% of ~   5.77MiB at  255.69KiB/s ETA Unknown (frag 1/40)
[download]   5.3% of ~   5.92MiB at  255.69KiB/s ETA Unknown (frag 1/40)
[download]   5.5% of ~   6.24MiB at  255.69KiB/s ETA Unknown (frag 1/40)
[download]   5.9% of ~   6.86MiB at  255.69KiB/s ETA Unknown (frag 1/40)
[download]   6.5% of ~   8.11MiB at  427.12KiB/s ETA Unknown (frag 1/40)
[download]   6.7% of ~  10.61MiB at  602.88KiB/s ETA Unknown (frag 1/40)
[download]   3.1% of ~  22.97MiB at  602.88KiB/s ETA Unknown (frag 2/40)
[download]   7.5% of ~   9.53MiB at  705.41KiB/s ETA Unknown (frag 2/40)
[download]   7.5% of ~   9.55MiB at  705.41KiB/s ETA Unknown (frag 2/40)
[download]   7.5% of ~   9.57MiB at  705.41KiB/s ETA Unknown (frag 2/40)
[download]   7.6% of ~   9.62MiB at  705.41KiB/s ETA Unknown (frag 2/40)
[download]   7.7% of ~   9.73MiB at  705.41KiB/s ETA Unknown (frag 2/40)
[download]   7.8% of ~   9.94MiB at  705.41KiB/s ETA Unknown (frag 2/40)
[download]   8.1% of ~  10.35MiB at  705.41KiB/s ETA Unknown (frag 2/40)
[download]   8.6% of ~  11.19MiB at  842.26KiB/s ETA Unknown (frag 2/40)
[download]   9.4% of ~  12.85MiB at  994.85KiB/s ETA Unknown (frag 2/40)
[download]   7.9% of ~  16.19MiB at  994.85KiB/s ETA Unknown (frag 2/40)
[download]   5.2% of ~  24.38MiB at  994.85KiB/s ETA Unknown (frag 3/40)
[download]  10.0% of ~  12.72MiB at    1.06MiB/s ETA 00:09 (frag 3/40)  
[download]  10.0% of ~  12.73MiB at    1.06MiB/s ETA 00:09 (frag 3/40)
[download]  10.0% of ~  12.75MiB at    1.06MiB/s ETA 00:09 (frag 3/40)
[download]  10.1% of ~  12.79MiB at    1.06MiB/s ETA 00:09 (frag 3/40)
[download]  10.1% of ~  12.87MiB at    1.06MiB/s ETA 00:09 (frag 3/40)
[download]  10.2% of ~  13.02MiB at    1.06MiB/s ETA 00:09 (frag 3/40)
[download]  10.5% of ~  13.33MiB at    1.06MiB/s ETA 00:09 (frag 3/40)
[download]  10.9% of ~  13.96MiB at    1.16MiB/s ETA 00:08 (frag 3/40)
[download]  11.6% of ~  15.21MiB at    1.28MiB/s ETA 00:08 (frag 3/40)
[download]  10.2% of ~  17.71MiB at    1.28MiB/s ETA 00:08 (frag 3/40)
[download]   7.7% of ~  23.51MiB at    1.28MiB/s ETA 00:08 (frag 4/40)
[download]  12.5% of ~  14.49MiB at    1.35MiB/s ETA 00:08 (frag 4/40)
[download]  12.5% of ~  14.50MiB at    1.35MiB/s ETA 00:08 (frag 4/40)
[download]  12.5% of ~  14.52MiB at    1.35MiB/s ETA 00:08 (frag 4/40)
[download]  12.6% of ~  14.55MiB at    1.35MiB/s ETA 00:08 (frag 4/40)
[download]  12.6% of ~  14.61MiB at    1.35MiB/s ETA 00:08 (frag 4/40)
[download]  12.7% of ~  14.73MiB at    1.35MiB/s ETA 00:08 (frag 4/40)
[download]  12.9% of ~  14.98MiB at    1.35MiB/s ETA 00:08 (frag 4/40)
[download]  12.9% of ~  15.48MiB at    1.43MiB/s ETA 00:08 (frag 4/40)
[download]  11.4% of ~  17.57MiB at    1.43MiB/s ETA 00:08 (frag 5/40)
[download]  15.0% of ~  13.36MiB at    1.46MiB/s ETA 00:08 (frag 5/40)
[download]  15.0% of ~  13.37MiB at    1.46MiB/s ETA 00:08 (frag 5/40)
[download]  15.0% of ~  13.38MiB at    1.46MiB/s ETA 00:08 (frag 5/40)
[download]  15.1% of ~  13.41MiB at    1.46MiB/s ETA 00:08 (frag 5/40)
[download]  15.1% of ~  13.46MiB at    1.46MiB/s ETA 00:08 (frag 5/40)
[download]  15.2% of ~  13.56MiB at    1.46MiB/s ETA 00:08 (frag 5/40)
[download]  15.5% of ~  13.77MiB at    1.46MiB/s ETA 00:08 (frag 5/40)
[download]  15.9% of ~  14.19MiB at    1.52MiB/s ETA 00:08 (frag 5/40)
[download]  15.1% of ~  15.02MiB at    1.52MiB/s ETA 00:08 (frag 5/40)
[download]  13.4% of ~  16.85MiB at    1.52MiB/s ETA 00:08 (frag 6/40)
[download]  17.5% of ~  12.95MiB at    1.52MiB/s ETA 00:08 (frag 6/40)
[download]  17.5% of ~  12.95MiB at    1.52MiB/s ETA 00:08 (frag 6/40)
[download]  17.5% of ~  12.96MiB at    1.52MiB/s ETA 00:08 (frag 6/40)
[download]  17.6% of ~  12.98MiB at    1.52MiB/s ETA 00:08 (frag 6/40)
[download]  17.6% of ~  13.03MiB at    1.55MiB/s ETA 00:08 (frag 6/40)
[download]  17.7% of ~  13.12MiB at    1.55MiB/s ETA 00:08 (frag 6/40)
[download]  18.0% of ~  13.30MiB at    1.55MiB/s ETA 00:08 (frag 6/40)
[download]  18.4% of ~  13.65MiB at    1.59MiB/s ETA 00:08 (frag 6/40)
[download]  19.2% of ~  14.37MiB at    1.64MiB/s ETA 00:08 (frag 6/40)
[download]  14.9% of ~  18.56MiB at    1.64MiB/s ETA 00:08 (frag 7/40)
[download]  20.0% of ~  13.78MiB at    1.64MiB/s ETA 00:08 (frag 7/40)
[download]  20.0% of ~  13.79MiB at    1.64MiB/s ETA 00:08 (frag 7/40)
[download]  20.0% of ~  13.80MiB at    1.64MiB/s ETA 00:08 (frag 7/40)
[download]  20.1% of ~  13.82MiB at    1.64MiB/s ETA 00:08 (frag 7/40)
[download]  20.1% of ~  13.86MiB at    1.66MiB/s ETA 00:07 (frag 7/40)
[download]  20.2% of ~  13.93MiB at    1.66MiB/s ETA 00:07 (frag 7/40)
[download]  20.4% of ~  14.09MiB at    1.66MiB/s ETA 00:07 (frag 7/40)
[download]  20.9% of ~  14.40MiB at    1.70MiB/s ETA 00:07 (frag 7/40)
[download]  20.3% of ~  15.03MiB at    1.70MiB/s ETA 00:07 (frag 7/40)
[download]  18.3% of ~  16.65MiB at    1.70MiB/s ETA 00:07 (frag 8/40)
[download]  22.5% of ~  13.53MiB at    1.71MiB/s ETA 00:07 (frag 8/40)
[download]  22.5% of ~  13.53MiB at    1.71MiB/s ETA 00:07 (frag 8/40)
[download]  22.5% of ~  13.54MiB at    1.71MiB/s ETA 00:07 (frag 8/40)
[download]  22.6% of ~  13.56MiB at    1.71MiB/s ETA 00:07 (frag 8/40)
[download]  22.6% of ~  13.59MiB at    1.71MiB/s ETA 00:07 (frag 8/40)
[download]  22.7% of ~  13.66MiB at    1.71MiB/s ETA 00:07 (frag 8/40)
[download]  23.0% of ~  13.80MiB at    1.71MiB/s ETA 00:07 (frag 8/40)
[download]  23.3% of ~  14.08MiB at    1.71MiB/s ETA 00:07 (frag 8/40)
[download]  21.0% of ~  15.65MiB at    1.71MiB/s ETA 00:07 (frag 9/40)
[download]  25.0% of ~  13.13MiB at    1.70MiB/s ETA 00:07 (frag 9/40)
[download]  25.0% of ~  13.13MiB at    1.70MiB/s ETA 00:07 (frag 9/40)
[download]  25.0% of ~  13.14MiB at    1.70MiB/s ETA 00:07 (frag 9/40)
[download]  25.1% of ~  13.16MiB at    1.70MiB/s ETA 00:07 (frag 9/40)
[download]  25.1% of ~  13.19MiB at    1.70MiB/s ETA 00:07 (frag 9/40)
[download]  25.2% of ~  13.25MiB at    1.70MiB/s ETA 00:07 (frag 9/40)
[download]  25.5% of ~  13.37MiB at    1.70MiB/s ETA 00:07 (frag 9/40)
[download]  25.0% of ~  13.62MiB at    1.70MiB/s ETA 00:07 (frag 9/40)
[download]  24.1% of ~  14.16MiB at    1.70MiB/s ETA 00:07 (frag 10/40)
[download]  27.5% of ~  12.41MiB at    1.69MiB/s ETA 00:07 (frag 10/40)
[download]  27.5% of ~  12.41MiB at    1.69MiB/s ETA 00:07 (frag 10/40)
[download]  27.5% of ~  12.42MiB at    1.69MiB/s ETA 00:07 (frag 10/40)
[download]  27.6% of ~  12.43MiB at    1.69MiB/s ETA 00:07 (frag 10/40)
[download]  27.6% of ~  12.46MiB at    1.69MiB/s ETA 00:07 (frag 10/40)
[download]  27.7% of ~  12.52MiB at    1.69MiB/s ETA 00:07 (frag 10/40)
[download]  28.0% of ~  12.63MiB at    1.69MiB/s ETA 00:07 (frag 10/40)
[download]  28.5% of ~  12.86MiB at    1.70MiB/s ETA 00:06 (frag 10/40)
[download]  28.5% of ~  13.31MiB at    1.70MiB/s ETA 00:06 (frag 10/40)
[download]  25.0% of ~  15.14MiB at    1.70MiB/s ETA 00:06 (frag 11/40)
[download]  30.0% of ~  12.63MiB at    1.71MiB/s ETA 00:06 (frag 11/40)
[download]  30.0% of ~  12.63MiB at    1.71MiB/s ETA 00:06 (frag 11/40)
[download]  30.0% of ~  12.64MiB at    1.71MiB/s ETA 00:06 (frag 11/40)
[download]  30.1% of ~  12.65MiB at    1.71MiB/s ETA 00:06 (frag 11/40)
[download]  30.1% of ~  12.67MiB at    1.71MiB/s ETA 00:06 (frag 11/40)
[download]  30.2% of ~  12.73MiB at    1.71MiB/s ETA 00:06 (frag 11/40)
[download]  30.5% of ~  12.83MiB at    1.71MiB/s ETA 00:06 (frag 11/40)
[download]  30.8% of ~  13.04MiB at    1.73MiB/s ETA 00:06 (frag 11/40)
[download]  28.4% of ~  14.18MiB at    1.73MiB/s ETA 00:06 (frag 12/40)
[download]  32.5% of ~  12.37MiB at    1.73MiB/s ETA 00:06 (frag 12/40)
[download]  32.5% of ~  12.37MiB at    1.73MiB/s ETA 00:06 (frag 12/40)
[download]  32.5% of ~  12.38MiB at    1.73MiB/s ETA 00:06 (frag 12/40)
[download]  32.6% of ~  12.39MiB at    1.73MiB/s ETA 00:06 (frag 12/40)
[download]  32.6% of ~  12.42MiB at    1.73MiB/s ETA 00:06 (frag 12/40)
[download]  32.8% of ~  12.46MiB at    1.73MiB/s ETA 00:06 (frag 12/40)
[download]  33.0% of ~  12.56MiB at    1.73MiB/s ETA 00:06 (frag 12/40)
[download]  33.5% of ~  12.75MiB at    1.75MiB/s ETA 00:06 (frag 12/40)
[download]  32.6% of ~  13.14MiB at    1.75MiB/s ETA 00:06 (frag 12/40)
[download]  30.6% of ~  14.01MiB at    1.75MiB/s ETA 00:06 (frag 13/40)
[download]  35.0% of ~  12.25MiB at    1.75MiB/s ETA 00:06 (frag 13/40)
[download]  35.0% of ~  12.25MiB at    1.75MiB/s ETA 00:06 (frag 13/40)
[download]  35.0% of ~  12.26MiB at    1.75MiB/s ETA 00:06 (frag 13/40)
[download]  35.1% of ~  12.27MiB at    1.75MiB/s ETA 00:06 (frag 13/40)
[download]  35.1% of ~  12.29MiB at    1.75MiB/s ETA 00:06 (frag 13/40)
[download]  35.3% of ~  12.34MiB at    1.75MiB/s ETA 00:06 (frag 13/40)
[download]  35.5% of ~  12.43MiB at    1.75MiB/s ETA 00:06 (frag 13/40)
[download]  35.5% of ~  12.60MiB at    1.77MiB/s ETA 00:05 (frag 13/40)
[download]  33.6% of ~  13.35MiB at    1.77MiB/s ETA 00:05 (frag 14/40)
[download]  37.5% of ~  11.95MiB at    1.77MiB/s ETA 00:05 (frag 14/40)
[download]  37.5% of ~  11.95MiB at    1.77MiB/s ETA 00:05 (frag 14/40)
[download]  37.5% of ~  11.95MiB at    1.77MiB/s ETA 00:05 (frag 14/40)
[download]  37.6% of ~  11.97MiB at    1.77MiB/s ETA 00:05 (frag 14/40)
[download]  37.6% of ~  11.99MiB at    1.77MiB/s ETA 00:05 (frag 14/40)
[download]  37.8% of ~  12.03MiB at    1.77MiB/s ETA 00:05 (frag 14/40)
[download]  38.0% of ~  12.11MiB at    1.77MiB/s ETA 00:05 (frag 14/40)
[download]  38.4% of ~  12.28MiB at    1.78MiB/s ETA 00:05 (frag 14/40)
[download]  35.7% of ~  13.19MiB at    1.78MiB/s ETA 00:05 (frag 15/40)
[download]  40.0% of ~  11.78MiB at    1.78MiB/s ETA 00:05 (frag 15/40)
[download]  40.0% of ~  11.78MiB at    1.78MiB/s ETA 00:05 (frag 15/40)
[download]  40.0% of ~  11.79MiB at    1.78MiB/s ETA 00:05 (frag 15/40)
[download]  40.1% of ~  11.80MiB at    1.78MiB/s ETA 00:05 (frag 15/40)
[download]  40.1% of ~  11.82MiB at    1.78MiB/s ETA 00:05 (frag 15/40)
[download]  40.3% of ~  11.86MiB at    1.78MiB/s ETA 00:05 (frag 15/40)
[download]  40.5% of ~  11.94MiB at    1.78MiB/s ETA 00:05 (frag 15/40)
[download]  41.0% of ~  12.09MiB at    1.78MiB/s ETA 00:05 (frag 15/40)
[download]  40.2% of ~  12.40MiB at    1.78MiB/s ETA 00:05 (frag 15/40)
[download]  37.9% of ~  13.15MiB at    1.78MiB/s ETA 00:05 (frag 16/40)
[download]  42.5% of ~  11.73MiB at    1.78MiB/s ETA 00:05 (frag 16/40)
[download]  42.5% of ~  11.73MiB at    1.78MiB/s ETA 00:05 (frag 16/40)
[download]  42.5% of ~  11.74MiB at    1.78MiB/s ETA 00:05 (frag 16/40)
[download]  42.6% of ~  11.75MiB at    1.78MiB/s ETA 00:05 (frag 16/40)
[download]  42.6% of ~  11.77MiB at    1.78MiB/s ETA 00:05 (frag 16/40)
[download]  42.8% of ~  11.80MiB at    1.78MiB/s ETA 00:05 (frag 16/40)
[download]  43.0% of ~  11.88MiB at    1.78MiB/s ETA 00:05 (frag 16/40)
[download]  43.5% of ~  12.02MiB at    1.79MiB/s ETA 00:04 (frag 16/40)
[download]  42.6% of ~  12.32MiB at    1.79MiB/s ETA 00:04 (frag 16/40)
[download]  40.4% of ~  12.99MiB at    1.79MiB/s ETA 00:04 (frag 17/40)
[download]  45.0% of ~  11.67MiB at    1.79MiB/s ETA 00:04 (frag 17/40)
[download]  45.0% of ~  11.68MiB at    1.79MiB/s ETA 00:04 (frag 17/40)
[download]  45.0% of ~  11.68MiB at    1.79MiB/s ETA 00:04 (frag 17/40)
[download]  45.1% of ~  11.69MiB at    1.79MiB/s ETA 00:04 (frag 17/40)
[download]  45.1% of ~  11.71MiB at    1.79MiB/s ETA 00:04 (frag 17/40)
[download]  45.3% of ~  11.74MiB at    1.79MiB/s ETA 00:04 (frag 17/40)
[download]  45.5% of ~  11.81MiB at    1.79MiB/s ETA 00:04 (frag 17/40)
[download]  46.0% of ~  11.95MiB at    1.88MiB/s ETA 00:04 (frag 17/40)
[download]  46.2% of ~  12.23MiB at    1.88MiB/s ETA 00:04 (frag 17/40)
[download]  42.1% of ~  13.41MiB at    1.88MiB/s ETA 00:04 (frag 18/40)
[download]  47.5% of ~  11.88MiB at    1.94MiB/s ETA 00:04 (frag 18/40)
[download]  47.5% of ~  11.88MiB at    1.94MiB/s ETA 00:04 (frag 18/40)
[download]  47.5% of ~  11.89MiB at    1.94MiB/s ETA 00:04 (frag 18/40)
[download]  47.6% of ~  11.90MiB at    1.94MiB/s ETA 00:04 (frag 18/40)
[download]  47.6% of ~  11.91MiB at    1.94MiB/s ETA 00:04 (frag 18/40)
[download]  47.8% of ~  11.94MiB at    1.94MiB/s ETA 00:04 (frag 18/40)
[download]  48.0% of ~  12.01MiB at    1.94MiB/s ETA 00:04 (frag 18/40)
[download]  48.5% of ~  12.14MiB at    1.99MiB/s ETA 00:04 (frag 18/40)
[download]  47.6% of ~  12.41MiB at    1.99MiB/s ETA 00:04 (frag 18/40)
[download]  45.4% of ~  13.01MiB at    1.99MiB/s ETA 00:04 (frag 19/40)
[download]  50.0% of ~  11.82MiB at    1.99MiB/s ETA 00:04 (frag 19/40)
[download]  50.0% of ~  11.82MiB at    1.99MiB/s ETA 00:04 (frag 19/40)
[download]  50.0% of ~  11.83MiB at    1.99MiB/s ETA 00:04 (frag 19/40)
[download]  50.1% of ~  11.83MiB at    1.99MiB/s ETA 00:04 (frag 19/40)
[download]  50.1% of ~  11.85MiB at    2.02MiB/s ETA 00:04 (frag 19/40)
[download]  50.3% of ~  11.88MiB at    2.02MiB/s ETA 00:04 (frag 19/40)
[download]  50.5% of ~  11.94MiB at    2.02MiB/s ETA 00:04 (frag 19/40)
[download]  51.0% of ~  12.07MiB at    2.05MiB/s ETA 00:04 (frag 19/40)
[download]  50.1% of ~  12.32MiB at    2.05MiB/s ETA 00:04 (frag 19/40)
[download]  48.0% of ~  12.86MiB at    2.05MiB/s ETA 00:04 (frag 20/40)
[download]  52.5% of ~  11.75MiB at    2.06MiB/s ETA 00:03 (frag 20/40)
[download]  52.5% of ~  11.75MiB at    2.06MiB/s ETA 00:03 (frag 20/40)
[download]  52.5% of ~  11.76MiB at    2.06MiB/s ETA 00:03 (frag 20/40)
[download]  52.6% of ~  11.76MiB at    2.06MiB/s ETA 00:03 (frag 20/40)
[download]  52.6% of ~  11.78MiB at    2.06MiB/s ETA 00:03 (frag 20/40)
[download]  52.8% of ~  11.81MiB at    2.06MiB/s ETA 00:03 (frag 20/40)
[download]  53.0% of ~  11.87MiB at    2.06MiB/s ETA 00:03 (frag 20/40)
[download]  53.5% of ~  11.99MiB at    2.08MiB/s ETA 00:03 (frag 20/40)
[download]  53.6% of ~  12.22MiB at    2.08MiB/s ETA 00:03 (frag 20/40)
[download]  49.6% of ~  13.19MiB at    2.08MiB/s ETA 00:03 (frag 21/40)
[download]  55.0% of ~  11.91MiB at    2.10MiB/s ETA 00:03 (frag 21/40)
[download]  55.0% of ~  11.91MiB at    2.10MiB/s ETA 00:03 (frag 21/40)
[download]  55.0% of ~  11.91MiB at    2.10MiB/s ETA 00:03 (frag 21/40)
[download]  55.1% of ~  11.92MiB at    2.10MiB/s ETA 00:03 (frag 21/40)
[download]  55.1% of ~  11.93MiB at    2.10MiB/s ETA 00:03 (frag 21/40)
[download]  55.3% of ~  11.96MiB at    2.10MiB/s ETA 00:03 (frag 21/40)
[download]  55.5% of ~  12.02MiB at    2.10MiB/s ETA 00:03 (frag 21/40)
[download]  56.0% of ~  12.13MiB at    2.13MiB/s ETA 00:03 (frag 21/40)
[download]  55.2% of ~  12.36MiB at    2.13MiB/s ETA 00:03 (frag 21/40)
[download]  52.9% of ~  12.91MiB at    2.13MiB/s ETA 00:03 (frag 22/40)
[download]  57.5% of ~  11.87MiB at    2.13MiB/s ETA 00:03 (frag 22/40)
[download]  57.5% of ~  11.87MiB at    2.13MiB/s ETA 00:03 (frag 22/40)
[download]  57.5% of ~  11.87MiB at    2.13MiB/s ETA 00:03 (frag 22/40)
[download]  57.6% of ~  11.88MiB at    2.13MiB/s ETA 00:03 (frag 22/40)
[download]  57.6% of ~  11.89MiB at    2.13MiB/s ETA 00:03 (frag 22/40)
[download]  57.8% of ~  11.92MiB at    2.13MiB/s ETA 00:03 (frag 22/40)
[download]  58.0% of ~  11.97MiB at    2.13MiB/s ETA 00:03 (frag 22/40)
[download]  57.9% of ~  12.08MiB at    2.14MiB/s ETA 00:03 (frag 22/40)
[download]  56.1% of ~  12.49MiB at    2.14MiB/s ETA 00:03 (frag 23/40)
[download]  60.0% of ~  11.67MiB at    2.14MiB/s ETA 00:03 (frag 23/40)
[download]  60.0% of ~  11.67MiB at    2.14MiB/s ETA 00:03 (frag 23/40)
[download]  60.0% of ~  11.67MiB at    2.14MiB/s ETA 00:03 (frag 23/40)
[download]  60.1% of ~  11.68MiB at    2.14MiB/s ETA 00:03 (frag 23/40)
[download]  60.1% of ~  11.69MiB at    2.14MiB/s ETA 00:03 (frag 23/40)
[download]  60.3% of ~  11.72MiB at    2.14MiB/s ETA 00:03 (frag 23/40)
[download]  60.5% of ~  11.77MiB at    2.14MiB/s ETA 00:03 (frag 23/40)
[download]  61.1% of ~  11.88MiB at    2.14MiB/s ETA 00:03 (frag 23/40)
[download]  60.7% of ~  12.09MiB at    2.11MiB/s ETA 00:03 (frag 23/40)
[download]  57.4% of ~  12.77MiB at    2.11MiB/s ETA 00:03 (frag 24/40)
[download]  62.5% of ~  11.73MiB at    2.08MiB/s ETA 00:02 (frag 24/40)
[download]  62.5% of ~  11.73MiB at    2.08MiB/s ETA 00:02 (frag 24/40)
[download]  62.5% of ~  11.74MiB at    2.08MiB/s ETA 00:02 (frag 24/40)
[download]  62.6% of ~  11.74MiB at    2.08MiB/s ETA 00:02 (frag 24/40)
[download]  62.6% of ~  11.76MiB at    2.08MiB/s ETA 00:02 (frag 24/40)
[download]  62.8% of ~  11.78MiB at    2.08MiB/s ETA 00:02 (frag 24/40)
[download]  63.0% of ~  11.83MiB at    2.08MiB/s ETA 00:02 (frag 24/40)
[download]  63.5% of ~  11.93MiB at    2.06MiB/s ETA 00:02 (frag 24/40)
[download]  63.5% of ~  12.13MiB at    2.06MiB/s ETA 00:02 (frag 24/40)
[download]  59.7% of ~  12.91MiB at    2.06MiB/s ETA 00:02 (frag 25/40)
[download]  65.0% of ~  11.85MiB at    2.04MiB/s ETA 00:02 (frag 25/40)
[download]  65.0% of ~  11.85MiB at    2.04MiB/s ETA 00:02 (frag 25/40)
[download]  65.0% of ~  11.85MiB at    2.04MiB/s ETA 00:02 (frag 25/40)
[download]  65.1% of ~  11.86MiB at    2.04MiB/s ETA 00:02 (frag 25/40)
[download]  65.1% of ~  11.87MiB at    2.04MiB/s ETA 00:02 (frag 25/40)
[download]  65.3% of ~  11.89MiB at    2.04MiB/s ETA 00:02 (frag 25/40)
[download]  65.5% of ~  11.94MiB at    2.04MiB/s ETA 00:02 (frag 25/40)
[download]  65.4% of ~  12.04MiB at    2.04MiB/s ETA 00:02 (frag 25/40)
[download]  63.7% of ~  12.36MiB at    2.04MiB/s ETA 00:02 (frag 26/40)
[download]  67.5% of ~  11.65MiB at    2.02MiB/s ETA 00:02 (frag 26/40)
[download]  67.5% of ~  11.66MiB at    2.02MiB/s ETA 00:02 (frag 26/40)
[download]  67.5% of ~  11.66MiB at    2.02MiB/s ETA 00:02 (frag 26/40)
[download]  67.6% of ~  11.66MiB at    2.02MiB/s ETA 00:02 (frag 26/40)
[download]  67.6% of ~  11.68MiB at    2.02MiB/s ETA 00:02 (frag 26/40)
[download]  67.8% of ~  11.70MiB at    2.02MiB/s ETA 00:02 (frag 26/40)
[download]  68.0% of ~  11.75MiB at    2.02MiB/s ETA 00:02 (frag 26/40)
[download]  68.6% of ~  11.84MiB at    2.02MiB/s ETA 00:02 (frag 26/40)
[download]  67.7% of ~  12.02MiB at    2.04MiB/s ETA 00:02 (frag 26/40)
[download]  65.3% of ~  12.48MiB at    2.04MiB/s ETA 00:02 (frag 27/40)
[download]  70.0% of ~  11.64MiB at    2.04MiB/s ETA 00:02 (frag 27/40)
[download]  70.0% of ~  11.64MiB at    2.04MiB/s ETA 00:02 (frag 27/40)
[download]  70.0% of ~  11.64MiB at    2.04MiB/s ETA 00:02 (frag 27/40)
[download]  70.1% of ~  11.65MiB at    2.04MiB/s ETA 00:02 (frag 27/40)
[download]  70.1% of ~  11.66MiB at    2.04MiB/s ETA 00:02 (frag 27/40)
[download]  70.3% of ~  11.68MiB at    2.03MiB/s ETA 00:02 (frag 27/40)
[download]  70.5% of ~  11.72MiB at    2.03MiB/s ETA 00:02 (frag 27/40)
[download]  71.1% of ~  11.81MiB at    2.03MiB/s ETA 00:02 (frag 27/40)
[download]  70.1% of ~  11.99MiB at    2.03MiB/s ETA 00:02 (frag 27/40)
[download]  67.9% of ~  12.37MiB at    2.03MiB/s ETA 00:02 (frag 28/40)
[download]  72.5% of ~  11.59MiB at    2.03MiB/s ETA 00:02 (frag 28/40)
[download]  72.5% of ~  11.59MiB at    2.03MiB/s ETA 00:02 (frag 28/40)
[download]  72.5% of ~  11.59MiB at    2.03MiB/s ETA 00:02 (frag 28/40)
[download]  72.6% of ~  11.60MiB at    2.03MiB/s ETA 00:02 (frag 28/40)
[download]  72.6% of ~  11.61MiB at    2.03MiB/s ETA 00:02 (frag 28/40)
[download]  72.8% of ~  11.63MiB at    2.03MiB/s ETA 00:02 (frag 28/40)
[download]  73.0% of ~  11.67MiB at    2.03MiB/s ETA 00:02 (frag 28/40)
[download]  73.5% of ~  11.76MiB at    2.03MiB/s ETA 00:02 (frag 28/40)
[download]  70.6% of ~  12.25MiB at    2.03MiB/s ETA 00:02 (frag 29/40)
[download]  75.0% of ~  11.52MiB at    2.03MiB/s ETA 00:02 (frag 29/40)
[download]  75.0% of ~  11.52MiB at    2.03MiB/s ETA 00:02 (frag 29/40)
[download]  75.0% of ~  11.52MiB at    2.03MiB/s ETA 00:02 (frag 29/40)
[download]  75.1% of ~  11.53MiB at    2.03MiB/s ETA 00:02 (frag 29/40)
[download]  75.1% of ~  11.54MiB at    2.03MiB/s ETA 00:02 (frag 29/40)
[download]  75.3% of ~  11.56MiB at    2.03MiB/s ETA 00:02 (frag 29/40)
[download]  75.5% of ~  11.60MiB at    2.03MiB/s ETA 00:02 (frag 29/40)
[download]  76.1% of ~  11.68MiB at    2.03MiB/s ETA 00:02 (frag 29/40)
[download]  75.4% of ~  11.85MiB at    2.03MiB/s ETA 00:02 (frag 29/40)
[download]  72.6% of ~  12.30MiB at    2.03MiB/s ETA 00:02 (frag 30/40)
[download]  77.5% of ~  11.53MiB at    2.03MiB/s ETA 00:02 (frag 30/40)
[download]  77.5% of ~  11.53MiB at    2.04MiB/s ETA 00:02 (frag 30/40)
[download]  77.5% of ~  11.53MiB at    2.04MiB/s ETA 00:02 (frag 30/40)
[download]  77.6% of ~  11.53MiB at    2.04MiB/s ETA 00:02 (frag 30/40)
[download]  77.6% of ~  11.54MiB at    2.04MiB/s ETA 00:02 (frag 30/40)
[download]  77.8% of ~  11.56MiB at    2.04MiB/s ETA 00:02 (frag 30/40)
[download]  78.0% of ~  11.60MiB at    2.04MiB/s ETA 00:02 (frag 30/40)
[download]  78.0% of ~  11.69MiB at    2.04MiB/s ETA 00:02 (frag 30/40)
[download]  76.0% of ~  12.00MiB at    2.04MiB/s ETA 00:02 (frag 31/40)
[download]  80.0% of ~  11.40MiB at    2.04MiB/s ETA 00:02 (frag 31/40)
[download]  80.0% of ~  11.40MiB at    2.04MiB/s ETA 00:02 (frag 31/40)
[download]  80.0% of ~  11.40MiB at    2.04MiB/s ETA 00:02 (frag 31/40)
[download]  80.1% of ~  11.40MiB at    2.04MiB/s ETA 00:02 (frag 31/40)
[download]  80.1% of ~  11.41MiB at    2.04MiB/s ETA 00:02 (frag 31/40)
[download]  80.3% of ~  11.43MiB at    2.04MiB/s ETA 00:02 (frag 31/40)
[download]  80.5% of ~  11.47MiB at    2.04MiB/s ETA 00:02 (frag 31/40)
[download]  81.1% of ~  11.55MiB at    2.04MiB/s ETA 00:02 (frag 31/40)
[download]  80.8% of ~  11.71MiB at    2.08MiB/s ETA 00:01 (frag 31/40)
[download]  77.2% of ~  12.26MiB at    2.08MiB/s ETA 00:01 (frag 32/40)
[download]  82.5% of ~  11.47MiB at    2.08MiB/s ETA 00:01 (frag 32/40)
[download]  82.5% of ~  11.47MiB at    2.08MiB/s ETA 00:01 (frag 32/40)
[download]  82.5% of ~  11.47MiB at    2.08MiB/s ETA 00:01 (frag 32/40)
[download]  82.6% of ~  11.48MiB at    2.08MiB/s ETA 00:01 (frag 32/40)
[download]  82.6% of ~  11.49MiB at    2.10MiB/s ETA 00:01 (frag 32/40)
[download]  82.8% of ~  11.51MiB at    2.10MiB/s ETA 00:01 (frag 32/40)
[download]  83.0% of ~  11.55MiB at    2.10MiB/s ETA 00:01 (frag 32/40)
[download]  83.6% of ~  11.62MiB at    2.12MiB/s ETA 00:01 (frag 32/40)
[download]  82.8% of ~  11.77MiB at    2.12MiB/s ETA 00:01 (frag 32/40)
[download]  80.2% of ~  12.15MiB at    2.12MiB/s ETA 00:01 (frag 33/40)
[download]  85.0% of ~  11.46MiB at    2.12MiB/s ETA 00:01 (frag 33/40)
[download]  85.0% of ~  11.47MiB at    2.12MiB/s ETA 00:01 (frag 33/40)
[download]  85.0% of ~  11.47MiB at    2.12MiB/s ETA 00:01 (frag 33/40)
[download]  85.1% of ~  11.47MiB at    2.12MiB/s ETA 00:01 (frag 33/40)
[download]  85.1% of ~  11.48MiB at    2.14MiB/s ETA 00:01 (frag 33/40)
[download]  85.3% of ~  11.50MiB at    2.14MiB/s ETA 00:01 (frag 33/40)
[download]  85.5% of ~  11.54MiB at    2.14MiB/s ETA 00:01 (frag 33/40)
[download]  85.9% of ~  11.61MiB at    2.14MiB/s ETA 00:01 (frag 33/40)
[download]  83.1% of ~  12.00MiB at    2.14MiB/s ETA 00:01 (frag 34/40)
[download]  87.5% of ~  11.40MiB at    2.16MiB/s ETA 00:01 (frag 34/40)
[download]  87.5% of ~  11.40MiB at    2.16MiB/s ETA 00:01 (frag 34/40)
[download]  87.5% of ~  11.40MiB at    2.16MiB/s ETA 00:01 (frag 34/40)
[download]  87.6% of ~  11.40MiB at    2.16MiB/s ETA 00:01 (frag 34/40)
[download]  87.6% of ~  11.41MiB at    2.16MiB/s ETA 00:01 (frag 34/40)
[download]  87.8% of ~  11.43MiB at    2.16MiB/s ETA 00:01 (frag 34/40)
[download]  88.0% of ~  11.47MiB at    2.16MiB/s ETA 00:01 (frag 34/40)
[download]  88.6% of ~  11.54MiB at    2.17MiB/s ETA 00:01 (frag 34/40)
[download]  88.0% of ~  11.68MiB at    2.17MiB/s ETA 00:01 (frag 34/40)
[download]  84.9% of ~  12.11MiB at    2.17MiB/s ETA 00:01 (frag 35/40)
[download]  90.0% of ~  11.43MiB at    2.18MiB/s ETA 00:01 (frag 35/40)
[download]  90.0% of ~  11.43MiB at    2.18MiB/s ETA 00:01 (frag 35/40)
[download]  90.0% of ~  11.43MiB at    2.18MiB/s ETA 00:01 (frag 35/40)
[download]  90.1% of ~  11.44MiB at    2.18MiB/s ETA 00:01 (frag 35/40)
[download]  90.1% of ~  11.44MiB at    2.18MiB/s ETA 00:01 (frag 35/40)
[download]  90.3% of ~  11.46MiB at    2.18MiB/s ETA 00:01 (frag 35/40)
[download]  90.5% of ~  11.50MiB at    2.18MiB/s ETA 00:01 (frag 35/40)
[download]  91.1% of ~  11.57MiB at    2.18MiB/s ETA 00:01 (frag 35/40)
[download]  92.1% of ~  11.70MiB at    2.20MiB/s ETA 00:01 (frag 35/40)
[download]  90.1% of ~  11.98MiB at    2.20MiB/s ETA 00:01 (frag 35/40)
[download]  86.0% of ~  12.55MiB at    2.20MiB/s ETA 00:01 (frag 36/40)
[download]  92.5% of ~  11.67MiB at    2.19MiB/s ETA 00:01 (frag 36/40)
[download]  92.5% of ~  11.67MiB at    2.19MiB/s ETA 00:01 (frag 36/40)
[download]  92.5% of ~  11.67MiB at    2.19MiB/s ETA 00:01 (frag 36/40)
[download]  92.6% of ~  11.67MiB at    2.19MiB/s ETA 00:01 (frag 36/40)
[download]  92.6% of ~  11.68MiB at    2.19MiB/s ETA 00:01 (frag 36/40)
[download]  92.8% of ~  11.70MiB at    2.19MiB/s ETA 00:01 (frag 36/40)
[download]  93.0% of ~  11.73MiB at    2.19MiB/s ETA 00:01 (frag 36/40)
[download]  93.6% of ~  11.80MiB at    2.20MiB/s ETA 00:01 (frag 36/40)
[download]  93.7% of ~  11.93MiB at    2.20MiB/s ETA 00:01 (frag 36/40)
[download]  89.4% of ~  12.50MiB at    2.20MiB/s ETA 00:01 (frag 37/40)
[download]  95.0% of ~  11.77MiB at    2.20MiB/s ETA 00:00 (frag 37/40)
[download]  95.0% of ~  11.77MiB at    2.20MiB/s ETA 00:00 (frag 37/40)
[download]  95.0% of ~  11.77MiB at    2.20MiB/s ETA 00:00 (frag 37/40)
[download]  95.1% of ~  11.77MiB at    2.20MiB/s ETA 00:00 (frag 37/40)
[download]  95.1% of ~  11.78MiB at    2.20MiB/s ETA 00:00 (frag 37/40)
[download]  95.3% of ~  11.80MiB at    2.20MiB/s ETA 00:00 (frag 37/40)
[download]  95.5% of ~  11.83MiB at    2.20MiB/s ETA 00:00 (frag 37/40)
[download]  96.1% of ~  11.90MiB at    2.22MiB/s ETA 00:00 (frag 37/40)
[download]  95.7% of ~  12.03MiB at    2.22MiB/s ETA 00:00 (frag 37/40)
[download]  92.3% of ~  12.48MiB at    2.22MiB/s ETA 00:00 (frag 38/40)
[download]  97.5% of ~  11.81MiB at    2.22MiB/s ETA 00:00 (frag 38/40)
[download]  97.5% of ~  11.81MiB at    2.22MiB/s ETA 00:00 (frag 38/40)
[download]  97.5% of ~  11.82MiB at    2.22MiB/s ETA 00:00 (frag 38/40)
[download]  97.6% of ~  11.82MiB at    2.22MiB/s ETA 00:00 (frag 38/40)
[download]  97.6% of ~  11.83MiB at    2.22MiB/s ETA 00:00 (frag 38/40)
[download]  97.8% of ~  11.84MiB at    2.22MiB/s ETA 00:00 (frag 38/40)
[download]  98.0% of ~  11.88MiB at    2.22MiB/s ETA 00:00 (frag 38/40)
[download]  98.5% of ~  11.94MiB at    2.24MiB/s ETA 00:00 (frag 38/40)
[download]  99.6% of ~  12.07MiB at    2.25MiB/s ETA 00:00 (frag 38/40)
[download]  97.8% of ~  12.32MiB at    2.25MiB/s ETA 00:00 (frag 38/40)
[download]  93.3% of ~  12.92MiB at    2.25MiB/s ETA 00:00 (frag 39/40)
[download] 100.0% of ~  12.06MiB at    2.27MiB/s ETA 00:00 (frag 39/40)
[download] 100.0% of ~  12.06MiB at    2.27MiB/s ETA 00:00 (frag 39/40)
[download] 100.0% of ~  12.06MiB at    2.27MiB/s ETA 00:00 (frag 39/40)
[download] 100.0% of ~  12.06MiB at    2.27MiB/s ETA 00:00 (frag 40/40)
[download] 100% of   12.06MiB in 00:00:05 at 2.04MiB/s                 
[FixupM3u8] Fixing MPEG-TS in MP4 container of "/Users/akash/Documents/all_rounder_yt_automation/runs/4WVZTgl1vE8/yt_dlp/4WVZTgl1vE8.mp4"
WARNING: [youtube] Skipping client "ios" since it does not support cookies
WARNING: [youtube] 4WVZTgl1vE8: Some web_safari client subtitles require a PO Token which was not provided. They will be discarded since they are not downloadable as-is. You can manually pass a Subtitles PO Token for this client with --extractor-args "youtube:po_token=web_safari.subs+XXX" . For more information, refer to  https://github.com/yt-dlp/yt-dlp/wiki/PO-Token-Guide
WARNING: [youtube] 4WVZTgl1vE8: There are missing subtitles languages because a PO token was not provided. Automatic captions for 1 languages are missing.
