ffmpeg version N-125610-g312c830916-https://www.martin-riedl.de Copyright (c) 2000-2026 the FFmpeg developers
  built with Apple clang version 14.0.0 (clang-1400.0.29.102)
  configuration: --prefix=/Volumes/ffmpeg_arm64/out --pkg-config-flags=--static --extra-version='https://www.martin-riedl.de' --enable-gray --enable-libxml2 --enable-version3 --enable-gpl --enable-openssl --enable-libfreetype --enable-fontconfig --enable-libharfbuzz --enable-libsnappy --enable-libsrt --enable-libvmaf --enable-libass --enable-libklvanc --enable-libzimg --enable-libzvbi --enable-libaom --enable-libdav1d --enable-libopenh264 --enable-libopenjpeg --enable-librav1e --enable-libsvtav1 --enable-libvpx --enable-libvvenc --enable-libwebp --enable-libx264 --enable-libx265 --enable-libmp3lame --enable-libopus --enable-libvorbis --enable-libtheora
  libavutil      61.  4.100 / 61.  4.100
  libavcodec     63.  6.100 / 63.  6.100
  libavformat    63.  5.100 / 63.  5.100
  libavdevice    63.  2.100 / 63.  2.100
  libavfilter    12.  3.100 / 12.  3.100
  libswscale     10.  2.100 / 10.  2.100
  libswresample   7.  2.100 /  7.  2.100
Input #0, mov,mp4,m4a,3gp,3g2,mj2, from '/Users/akash/Documents/all_rounder_yt_automation/runs/XOcm-InX80Y/yt_dlp/XOcm-InX80Y.mp4':
  Metadata:
    major_brand     : isom
    minor_version   : 512
    compatible_brands: isomiso2avc1mp41
    encoder         : Lavf63.5.100
  Duration: 00:04:37.50, start: 0.000000, bitrate: 566 kb/s
  Stream #0:0[0x1](und): Audio: aac (LC) (mp4a / 0x6134706D), 44100 Hz, stereo, fltp, 127 kb/s (default)
    Metadata:
      handler_name    : SoundHandler
  Stream #0:1[0x2](und): Video: h264 (Main) (avc1 / 0x31637661), yuv420p(tv, bt709, progressive), 1280x720 [SAR 1:1 DAR 16:9], 430 kb/s, 29.97 fps, 29.97 tbr, 90k tbn, start 0.033367 (default)
    Metadata:
      handler_name    : VideoHandler
Stream mapping:
  Stream #0:1 -> #0:0 (h264 (native) -> h264 (libx264))
  Stream #0:0 -> #0:1 (aac (native) -> aac (native))
Press [q] to stop, [?] for help
[libx264 @ 0x11760b1a0] using SAR=1/1
[libx264 @ 0x11760b1a0] using cpu capabilities: ARMv8 NEON DotProd I8MM
[libx264 @ 0x11760b1a0] profile High, level 3.1, 4:2:0, 8-bit
[libx264 @ 0x11760b1a0] 264 - core 165 - H.264/MPEG-4 AVC codec - Copyleft 2003-2025 - http://www.videolan.org/x264.html - options: cabac=1 ref=1 deblock=1:0:0 analyse=0x3:0x113 me=hex subme=2 psy=1 psy_rd=1.00:0.00 mixed_ref=0 me_range=16 chroma_me=1 trellis=0 8x8dct=1 cqm=0 deadzone=21,11 fast_pskip=1 chroma_qp_offset=0 threads=15 lookahead_threads=5 sliced_threads=0 nr=0 decimate=1 interlaced=0 bluray_compat=0 constrained_intra=0 bframes=3 b_pyramid=2 b_adapt=1 b_bias=0 direct=1 weightb=1 open_gop=0 weightp=1 keyint=250 keyint_min=25 scenecut=40 intra_refresh=0 rc_lookahead=10 rc=crf mbtree=1 crf=18.0 qcomp=0.60 qpmin=0 qpmax=69 qpstep=4 ip_ratio=1.40 aq=1:1.00
Output #0, mp4, to '/Users/akash/Documents/all_rounder_yt_automation/runs/XOcm-InX80Y/yt_dlp/XOcm-InX80Y.normalized.mp4':
  Metadata:
    encoder         : Lavf63.5.100
  Stream #0:0(und): Video: h264 (avc1 / 0x31637661), yuv420p(tv, bt709, progressive), 1280x720 [SAR 1:1 DAR 16:9], q=2-31, 29.97 fps, 30k tbn (default)
    Metadata:
      encoder         : Lavc63.6.100 libx264
      handler_name    : VideoHandler
    Side data:
      CPB properties: bitrate max/min/avg: 0/0/0 buffer size: 0 vbv_delay: N/A
  Stream #0:1(und): Audio: aac (LC) (mp4a / 0x6134706D), 44100 Hz, stereo, fltp, 160 kb/s (default)
    Metadata:
      encoder         : Lavc63.6.100 aac
      handler_name    : SoundHandler
frame=  347 fps=0.0 q=24.0 size=    1536KiB time=00:00:11.70 bitrate=1075.2kbits/s speed=23.2x elapsed=0:00:00.50    
frame=  674 fps=667 q=24.0 size=    3840KiB time=00:00:22.63 bitrate=1389.5kbits/s speed=22.4x elapsed=0:00:01.01    
frame= 1060 fps=699 q=24.0 size=    6144KiB time=00:00:35.33 bitrate=1424.4kbits/s speed=23.3x elapsed=0:00:01.51    
frame= 1355 fps=671 q=24.0 size=    8448KiB time=00:00:45.17 bitrate=1531.8kbits/s speed=22.4x elapsed=0:00:02.02    
frame= 1679 fps=665 q=24.0 size=   10752KiB time=00:00:56.12 bitrate=1569.4kbits/s speed=22.2x elapsed=0:00:02.52    
frame= 1965 fps=648 q=24.0 size=   13056KiB time=00:01:05.78 bitrate=1625.9kbits/s speed=21.7x elapsed=0:00:03.03    
frame= 2336 fps=661 q=24.0 size=   14848KiB time=00:01:17.92 bitrate=1560.9kbits/s speed=  22x elapsed=0:00:03.53    
frame= 2752 fps=681 q=24.0 size=   16896KiB time=00:01:31.79 bitrate=1507.9kbits/s speed=22.7x elapsed=0:00:04.03    
frame= 3051 fps=671 q=24.0 size=   19200KiB time=00:01:41.77 bitrate=1545.5kbits/s speed=22.4x elapsed=0:00:04.54    
frame= 3333 fps=660 q=24.0 size=   21248KiB time=00:01:51.20 bitrate=1565.3kbits/s speed=  22x elapsed=0:00:05.04    
frame= 3697 fps=666 q=24.0 size=   23296KiB time=00:02:03.32 bitrate=1547.5kbits/s speed=22.2x elapsed=0:00:05.55    
frame= 4013 fps=662 q=24.0 size=   25344KiB time=00:02:14.04 bitrate=1548.8kbits/s speed=22.1x elapsed=0:00:06.05    
frame= 4382 fps=668 q=24.0 size=   27136KiB time=00:02:26.28 bitrate=1519.6kbits/s speed=22.3x elapsed=0:00:06.56    
frame= 4716 fps=667 q=24.0 size=   29440KiB time=00:02:37.40 bitrate=1532.2kbits/s speed=22.3x elapsed=0:00:07.06    
frame= 5057 fps=668 q=24.0 size=   31744KiB time=00:02:48.85 bitrate=1540.1kbits/s speed=22.3x elapsed=0:00:07.57    
frame= 5393 fps=668 q=24.0 size=   33792KiB time=00:02:59.94 bitrate=1538.4kbits/s speed=22.3x elapsed=0:00:08.07    
frame= 5723 fps=667 q=24.0 size=   35840KiB time=00:03:11.14 bitrate=1536.0kbits/s speed=22.3x elapsed=0:00:08.58    
frame= 6050 fps=666 q=24.0 size=   37632KiB time=00:03:21.99 bitrate=1526.2kbits/s speed=22.2x elapsed=0:00:09.08    
frame= 6366 fps=664 q=24.0 size=   39424KiB time=00:03:32.53 bitrate=1519.6kbits/s speed=22.2x elapsed=0:00:09.59    
frame= 6737 fps=667 q=24.0 size=   41216KiB time=00:03:44.75 bitrate=1502.2kbits/s speed=22.3x elapsed=0:00:10.09    
frame= 7052 fps=665 q=24.0 size=   43520KiB time=00:03:55.42 bitrate=1514.3kbits/s speed=22.2x elapsed=0:00:10.59    
frame= 7338 fps=661 q=24.0 size=   45312KiB time=00:04:04.81 bitrate=1516.3kbits/s speed=  22x elapsed=0:00:11.10    
frame= 7684 fps=662 q=24.0 size=   47104KiB time=00:04:16.37 bitrate=1505.1kbits/s speed=22.1x elapsed=0:00:11.60    
frame= 8048 fps=665 q=24.0 size=   49152KiB time=00:04:28.60 bitrate=1499.0kbits/s speed=22.2x elapsed=0:00:12.11    
[mp4 @ 0x11760aa00] Starting second pass: moving the moov atom to the beginning of the file
[out#0/mp4 @ 0x11760a8f0] video:46099KiB audio:4665KiB subtitle:0KiB other streams:0KiB global headers:0KiB muxing overhead: 0.564701%
frame= 8314 fps=668 q=-1.0 Lsize=   51050KiB time=00:04:37.50 bitrate=1507.0kbits/s speed=22.3x elapsed=0:00:12.44    
[libx264 @ 0x11760b1a0] frame I:102   Avg QP:11.37  size: 54405
[libx264 @ 0x11760b1a0] frame P:3085  Avg QP:15.48  size:  9728
[libx264 @ 0x11760b1a0] frame B:5127  Avg QP:19.29  size:  2271
[libx264 @ 0x11760b1a0] consecutive B-frames:  3.5% 29.9% 38.5% 28.1%
[libx264 @ 0x11760b1a0] mb I  I16..4: 31.4% 23.2% 45.4%
[libx264 @ 0x11760b1a0] mb P  I16..4:  6.8%  4.3%  1.6%  P16..4: 21.4%  8.2%  5.3%  0.0%  0.0%    skip:52.4%
[libx264 @ 0x11760b1a0] mb B  I16..4:  0.4%  0.5%  0.1%  B16..8: 12.0%  2.7%  0.3%  direct: 2.8%  skip:81.1%  L0:36.2% L1:51.3% BI:12.4%
[libx264 @ 0x11760b1a0] 8x8 transform intra:33.0% inter:26.1%
[libx264 @ 0x11760b1a0] coded y,uvDC,uvAC intra: 44.0% 41.9% 15.8% inter: 3.9% 3.9% 0.1%
[libx264 @ 0x11760b1a0] i16 v,h,dc,p: 69% 16% 10%  6%
[libx264 @ 0x11760b1a0] i8 v,h,dc,ddl,ddr,vr,hd,vl,hu: 36% 23% 20%  2%  3%  4%  3%  5%  4%
[libx264 @ 0x11760b1a0] i4 v,h,dc,ddl,ddr,vr,hd,vl,hu: 31% 23% 17%  3%  6%  5%  5%  5%  5%
[libx264 @ 0x11760b1a0] i8c dc,h,v,p: 59% 16% 20%  5%
[libx264 @ 0x11760b1a0] Weighted P-Frames: Y:0.1% UV:0.1%
[libx264 @ 0x11760b1a0] kb/s:1361.30
[aac @ 0x1176674a0] Qavg: 10.188  Tr: 6.3%  TNS(L): 10.4%  TNS(S): 13.6%  M/S: 55.8%  I/S: 0.0%  PNS: 0.0%
