Extracting cookies from chrome
Extracted 1535 cookies from chrome
[youtube] Extracting URL: https://www.youtube.com/watch?v=XOcm-InX80Y
[youtube] XOcm-InX80Y: Downloading webpage
[youtube] XOcm-InX80Y: Downloading web safari client config
[youtube] XOcm-InX80Y: Downloading web safari player API JSON
[youtube] XOcm-InX80Y: Downloading player 2574220e-main
[youtube] [jsc:deno] Solving JS challenges using deno
[youtube] XOcm-InX80Y: Downloading m3u8 information
[info] XOcm-InX80Y: Downloading 1 format(s): 95
[info] Writing video description to: /Users/akash/Documents/all_rounder_yt_automation/runs/XOcm-InX80Y/yt_dlp/XOcm-InX80Y.description
[info] There are no subtitles for the requested languages
[info] Downloading video thumbnail 45 ...
[info] Writing video thumbnail 45 to: /Users/akash/Documents/all_rounder_yt_automation/runs/XOcm-InX80Y/yt_dlp/XOcm-InX80Y.45.webp
Deleting existing file /Users/akash/Documents/all_rounder_yt_automation/runs/XOcm-InX80Y/yt_dlp/XOcm-InX80Y.44.jpg
[info] Downloading video thumbnail 44 ...
[info] Writing video thumbnail 44 to: /Users/akash/Documents/all_rounder_yt_automation/runs/XOcm-InX80Y/yt_dlp/XOcm-InX80Y.44.jpg
[info] Downloading video thumbnail 43 ...
[info] Writing video thumbnail 43 to: /Users/akash/Documents/all_rounder_yt_automation/runs/XOcm-InX80Y/yt_dlp/XOcm-InX80Y.43.webp
Deleting existing file /Users/akash/Documents/all_rounder_yt_automation/runs/XOcm-InX80Y/yt_dlp/XOcm-InX80Y.42.jpg
[info] Downloading video thumbnail 42 ...
[info] Writing video thumbnail 42 to: /Users/akash/Documents/all_rounder_yt_automation/runs/XOcm-InX80Y/yt_dlp/XOcm-InX80Y.42.jpg
[info] Downloading video thumbnail 41 ...
[info] Writing video thumbnail 41 to: /Users/akash/Documents/all_rounder_yt_automation/runs/XOcm-InX80Y/yt_dlp/XOcm-InX80Y.41.webp
Deleting existing file /Users/akash/Documents/all_rounder_yt_automation/runs/XOcm-InX80Y/yt_dlp/XOcm-InX80Y.40.jpg
[info] Downloading video thumbnail 40 ...
[info] Writing video thumbnail 40 to: /Users/akash/Documents/all_rounder_yt_automation/runs/XOcm-InX80Y/yt_dlp/XOcm-InX80Y.40.jpg
[info] Downloading video thumbnail 39 ...
[info] Writing video thumbnail 39 to: /Users/akash/Documents/all_rounder_yt_automation/runs/XOcm-InX80Y/yt_dlp/XOcm-InX80Y.39.webp
Deleting existing file /Users/akash/Documents/all_rounder_yt_automation/runs/XOcm-InX80Y/yt_dlp/XOcm-InX80Y.38.jpg
[info] Downloading video thumbnail 38 ...
[info] Writing video thumbnail 38 to: /Users/akash/Documents/all_rounder_yt_automation/runs/XOcm-InX80Y/yt_dlp/XOcm-InX80Y.38.jpg
Deleting existing file /Users/akash/Documents/all_rounder_yt_automation/runs/XOcm-InX80Y/yt_dlp/XOcm-InX80Y.37.jpg
[info] Downloading video thumbnail 37 ...
[info] Writing video thumbnail 37 to: /Users/akash/Documents/all_rounder_yt_automation/runs/XOcm-InX80Y/yt_dlp/XOcm-InX80Y.37.jpg
Deleting existing file /Users/akash/Documents/all_rounder_yt_automation/runs/XOcm-InX80Y/yt_dlp/XOcm-InX80Y.36.jpg
[info] Downloading video thumbnail 36 ...
[info] Writing video thumbnail 36 to: /Users/akash/Documents/all_rounder_yt_automation/runs/XOcm-InX80Y/yt_dlp/XOcm-InX80Y.36.jpg
Deleting existing file /Users/akash/Documents/all_rounder_yt_automation/runs/XOcm-InX80Y/yt_dlp/XOcm-InX80Y.35.jpg
[info] Downloading video thumbnail 35 ...
[info] Writing video thumbnail 35 to: /Users/akash/Documents/all_rounder_yt_automation/runs/XOcm-InX80Y/yt_dlp/XOcm-InX80Y.35.jpg
Deleting existing file /Users/akash/Documents/all_rounder_yt_automation/runs/XOcm-InX80Y/yt_dlp/XOcm-InX80Y.34.jpg
[info] Downloading video thumbnail 34 ...
[info] Writing video thumbnail 34 to: /Users/akash/Documents/all_rounder_yt_automation/runs/XOcm-InX80Y/yt_dlp/XOcm-InX80Y.34.jpg
Deleting existing file /Users/akash/Documents/all_rounder_yt_automation/runs/XOcm-InX80Y/yt_dlp/XOcm-InX80Y.33.jpg
[info] Downloading video thumbnail 33 ...
[info] Writing video thumbnail 33 to: /Users/akash/Documents/all_rounder_yt_automation/runs/XOcm-InX80Y/yt_dlp/XOcm-InX80Y.33.jpg
Deleting existing file /Users/akash/Documents/all_rounder_yt_automation/runs/XOcm-InX80Y/yt_dlp/XOcm-InX80Y.32.jpg
[info] Downloading video thumbnail 32 ...
[info] Writing video thumbnail 32 to: /Users/akash/Documents/all_rounder_yt_automation/runs/XOcm-InX80Y/yt_dlp/XOcm-InX80Y.32.jpg
Deleting existing file /Users/akash/Documents/all_rounder_yt_automation/runs/XOcm-InX80Y/yt_dlp/XOcm-InX80Y.31.jpg
[info] Downloading video thumbnail 31 ...
[info] Writing video thumbnail 31 to: /Users/akash/Documents/all_rounder_yt_automation/runs/XOcm-InX80Y/yt_dlp/XOcm-InX80Y.31.jpg
Deleting existing file /Users/akash/Documents/all_rounder_yt_automation/runs/XOcm-InX80Y/yt_dlp/XOcm-InX80Y.30.jpg
[info] Downloading video thumbnail 30 ...
[info] Writing video thumbnail 30 to: /Users/akash/Documents/all_rounder_yt_automation/runs/XOcm-InX80Y/yt_dlp/XOcm-InX80Y.30.jpg
[info] Downloading video thumbnail 29 ...
[info] Writing video thumbnail 29 to: /Users/akash/Documents/all_rounder_yt_automation/runs/XOcm-InX80Y/yt_dlp/XOcm-InX80Y.29.webp
Deleting existing file /Users/akash/Documents/all_rounder_yt_automation/runs/XOcm-InX80Y/yt_dlp/XOcm-InX80Y.28.jpg
[info] Downloading video thumbnail 28 ...
[info] Writing video thumbnail 28 to: /Users/akash/Documents/all_rounder_yt_automation/runs/XOcm-InX80Y/yt_dlp/XOcm-InX80Y.28.jpg
[info] Downloading video thumbnail 27 ...
[info] Writing video thumbnail 27 to: /Users/akash/Documents/all_rounder_yt_automation/runs/XOcm-InX80Y/yt_dlp/XOcm-InX80Y.27.webp
Deleting existing file /Users/akash/Documents/all_rounder_yt_automation/runs/XOcm-InX80Y/yt_dlp/XOcm-InX80Y.26.jpg
[info] Downloading video thumbnail 26 ...
[info] Writing video thumbnail 26 to: /Users/akash/Documents/all_rounder_yt_automation/runs/XOcm-InX80Y/yt_dlp/XOcm-InX80Y.26.jpg
[info] Downloading video thumbnail 25 ...
[info] Writing video thumbnail 25 to: /Users/akash/Documents/all_rounder_yt_automation/runs/XOcm-InX80Y/yt_dlp/XOcm-InX80Y.25.webp
Deleting existing file /Users/akash/Documents/all_rounder_yt_automation/runs/XOcm-InX80Y/yt_dlp/XOcm-InX80Y.24.jpg
[info] Downloading video thumbnail 24 ...
[info] Writing video thumbnail 24 to: /Users/akash/Documents/all_rounder_yt_automation/runs/XOcm-InX80Y/yt_dlp/XOcm-InX80Y.24.jpg
[info] Downloading video thumbnail 23 ...
[info] Writing video thumbnail 23 to: /Users/akash/Documents/all_rounder_yt_automation/runs/XOcm-InX80Y/yt_dlp/XOcm-InX80Y.23.webp
Deleting existing file /Users/akash/Documents/all_rounder_yt_automation/runs/XOcm-InX80Y/yt_dlp/XOcm-InX80Y.22.jpg
[info] Downloading video thumbnail 22 ...
[info] Writing video thumbnail 22 to: /Users/akash/Documents/all_rounder_yt_automation/runs/XOcm-InX80Y/yt_dlp/XOcm-InX80Y.22.jpg
[info] Downloading video thumbnail 21 ...
[info] Writing video thumbnail 21 to: /Users/akash/Documents/all_rounder_yt_automation/runs/XOcm-InX80Y/yt_dlp/XOcm-InX80Y.21.webp
Deleting existing file /Users/akash/Documents/all_rounder_yt_automation/runs/XOcm-InX80Y/yt_dlp/XOcm-InX80Y.20.jpg
[info] Downloading video thumbnail 20 ...
[info] Writing video thumbnail 20 to: /Users/akash/Documents/all_rounder_yt_automation/runs/XOcm-InX80Y/yt_dlp/XOcm-InX80Y.20.jpg
[info] Downloading video thumbnail 19 ...
[info] Writing video thumbnail 19 to: /Users/akash/Documents/all_rounder_yt_automation/runs/XOcm-InX80Y/yt_dlp/XOcm-InX80Y.19.webp
Deleting existing file /Users/akash/Documents/all_rounder_yt_automation/runs/XOcm-InX80Y/yt_dlp/XOcm-InX80Y.18.jpg
[info] Downloading video thumbnail 18 ...
[info] Writing video thumbnail 18 to: /Users/akash/Documents/all_rounder_yt_automation/runs/XOcm-InX80Y/yt_dlp/XOcm-InX80Y.18.jpg
[info] Downloading video thumbnail 17 ...
[info] Writing video thumbnail 17 to: /Users/akash/Documents/all_rounder_yt_automation/runs/XOcm-InX80Y/yt_dlp/XOcm-InX80Y.17.webp
Deleting existing file /Users/akash/Documents/all_rounder_yt_automation/runs/XOcm-InX80Y/yt_dlp/XOcm-InX80Y.16.jpg
[info] Downloading video thumbnail 16 ...
[info] Writing video thumbnail 16 to: /Users/akash/Documents/all_rounder_yt_automation/runs/XOcm-InX80Y/yt_dlp/XOcm-InX80Y.16.jpg
[info] Downloading video thumbnail 15 ...
[info] Writing video thumbnail 15 to: /Users/akash/Documents/all_rounder_yt_automation/runs/XOcm-InX80Y/yt_dlp/XOcm-InX80Y.15.webp
Deleting existing file /Users/akash/Documents/all_rounder_yt_automation/runs/XOcm-InX80Y/yt_dlp/XOcm-InX80Y.14.jpg
[info] Downloading video thumbnail 14 ...
[info] Writing video thumbnail 14 to: /Users/akash/Documents/all_rounder_yt_automation/runs/XOcm-InX80Y/yt_dlp/XOcm-InX80Y.14.jpg
[info] Downloading video thumbnail 13 ...
[info] Writing video thumbnail 13 to: /Users/akash/Documents/all_rounder_yt_automation/runs/XOcm-InX80Y/yt_dlp/XOcm-InX80Y.13.webp
Deleting existing file /Users/akash/Documents/all_rounder_yt_automation/runs/XOcm-InX80Y/yt_dlp/XOcm-InX80Y.12.jpg
[info] Downloading video thumbnail 12 ...
[info] Writing video thumbnail 12 to: /Users/akash/Documents/all_rounder_yt_automation/runs/XOcm-InX80Y/yt_dlp/XOcm-InX80Y.12.jpg
[info] Downloading video thumbnail 11 ...
[info] Writing video thumbnail 11 to: /Users/akash/Documents/all_rounder_yt_automation/runs/XOcm-InX80Y/yt_dlp/XOcm-InX80Y.11.webp
Deleting existing file /Users/akash/Documents/all_rounder_yt_automation/runs/XOcm-InX80Y/yt_dlp/XOcm-InX80Y.10.jpg
[info] Downloading video thumbnail 10 ...
[info] Writing video thumbnail 10 to: /Users/akash/Documents/all_rounder_yt_automation/runs/XOcm-InX80Y/yt_dlp/XOcm-InX80Y.10.jpg
[info] Downloading video thumbnail 9 ...
[info] Writing video thumbnail 9 to: /Users/akash/Documents/all_rounder_yt_automation/runs/XOcm-InX80Y/yt_dlp/XOcm-InX80Y.9.webp
Deleting existing file /Users/akash/Documents/all_rounder_yt_automation/runs/XOcm-InX80Y/yt_dlp/XOcm-InX80Y.8.jpg
[info] Downloading video thumbnail 8 ...
[info] Writing video thumbnail 8 to: /Users/akash/Documents/all_rounder_yt_automation/runs/XOcm-InX80Y/yt_dlp/XOcm-InX80Y.8.jpg
[info] Downloading video thumbnail 7 ...
[info] Writing video thumbnail 7 to: /Users/akash/Documents/all_rounder_yt_automation/runs/XOcm-InX80Y/yt_dlp/XOcm-InX80Y.7.webp
Deleting existing file /Users/akash/Documents/all_rounder_yt_automation/runs/XOcm-InX80Y/yt_dlp/XOcm-InX80Y.6.jpg
[info] Downloading video thumbnail 6 ...
[info] Writing video thumbnail 6 to: /Users/akash/Documents/all_rounder_yt_automation/runs/XOcm-InX80Y/yt_dlp/XOcm-InX80Y.6.jpg
[info] Downloading video thumbnail 5 ...
[info] Writing video thumbnail 5 to: /Users/akash/Documents/all_rounder_yt_automation/runs/XOcm-InX80Y/yt_dlp/XOcm-InX80Y.5.webp
Deleting existing file /Users/akash/Documents/all_rounder_yt_automation/runs/XOcm-InX80Y/yt_dlp/XOcm-InX80Y.4.jpg
[info] Downloading video thumbnail 4 ...
[info] Writing video thumbnail 4 to: /Users/akash/Documents/all_rounder_yt_automation/runs/XOcm-InX80Y/yt_dlp/XOcm-InX80Y.4.jpg
[info] Downloading video thumbnail 3 ...
[info] Writing video thumbnail 3 to: /Users/akash/Documents/all_rounder_yt_automation/runs/XOcm-InX80Y/yt_dlp/XOcm-InX80Y.3.webp
Deleting existing file /Users/akash/Documents/all_rounder_yt_automation/runs/XOcm-InX80Y/yt_dlp/XOcm-InX80Y.2.jpg
[info] Downloading video thumbnail 2 ...
[info] Writing video thumbnail 2 to: /Users/akash/Documents/all_rounder_yt_automation/runs/XOcm-InX80Y/yt_dlp/XOcm-InX80Y.2.jpg
[info] Downloading video thumbnail 1 ...
[info] Writing video thumbnail 1 to: /Users/akash/Documents/all_rounder_yt_automation/runs/XOcm-InX80Y/yt_dlp/XOcm-InX80Y.1.webp
Deleting existing file /Users/akash/Documents/all_rounder_yt_automation/runs/XOcm-InX80Y/yt_dlp/XOcm-InX80Y.0.jpg
[info] Downloading video thumbnail 0 ...
[info] Writing video thumbnail 0 to: /Users/akash/Documents/all_rounder_yt_automation/runs/XOcm-InX80Y/yt_dlp/XOcm-InX80Y.0.jpg
[info] Writing video metadata as JSON to: /Users/akash/Documents/all_rounder_yt_automation/runs/XOcm-InX80Y/yt_dlp/XOcm-InX80Y.info.json
[ThumbnailsConvertor] Not converting thumbnail "/Users/akash/Documents/all_rounder_yt_automation/runs/XOcm-InX80Y/yt_dlp/XOcm-InX80Y.0.jpg"; already is in target format jpg
[ThumbnailsConvertor] Converting thumbnail "/Users/akash/Documents/all_rounder_yt_automation/runs/XOcm-InX80Y/yt_dlp/XOcm-InX80Y.1.webp" to jpg
[ThumbnailsConvertor] Not converting thumbnail "/Users/akash/Documents/all_rounder_yt_automation/runs/XOcm-InX80Y/yt_dlp/XOcm-InX80Y.2.jpg"; already is in target format jpg
[ThumbnailsConvertor] Converting thumbnail "/Users/akash/Documents/all_rounder_yt_automation/runs/XOcm-InX80Y/yt_dlp/XOcm-InX80Y.3.webp" to jpg
[ThumbnailsConvertor] Not converting thumbnail "/Users/akash/Documents/all_rounder_yt_automation/runs/XOcm-InX80Y/yt_dlp/XOcm-InX80Y.4.jpg"; already is in target format jpg
[ThumbnailsConvertor] Converting thumbnail "/Users/akash/Documents/all_rounder_yt_automation/runs/XOcm-InX80Y/yt_dlp/XOcm-InX80Y.5.webp" to jpg
[ThumbnailsConvertor] Not converting thumbnail "/Users/akash/Documents/all_rounder_yt_automation/runs/XOcm-InX80Y/yt_dlp/XOcm-InX80Y.6.jpg"; already is in target format jpg
[ThumbnailsConvertor] Converting thumbnail "/Users/akash/Documents/all_rounder_yt_automation/runs/XOcm-InX80Y/yt_dlp/XOcm-InX80Y.7.webp" to jpg
[ThumbnailsConvertor] Not converting thumbnail "/Users/akash/Documents/all_rounder_yt_automation/runs/XOcm-InX80Y/yt_dlp/XOcm-InX80Y.8.jpg"; already is in target format jpg
[ThumbnailsConvertor] Converting thumbnail "/Users/akash/Documents/all_rounder_yt_automation/runs/XOcm-InX80Y/yt_dlp/XOcm-InX80Y.9.webp" to jpg
[ThumbnailsConvertor] Not converting thumbnail "/Users/akash/Documents/all_rounder_yt_automation/runs/XOcm-InX80Y/yt_dlp/XOcm-InX80Y.10.jpg"; already is in target format jpg
[ThumbnailsConvertor] Converting thumbnail "/Users/akash/Documents/all_rounder_yt_automation/runs/XOcm-InX80Y/yt_dlp/XOcm-InX80Y.11.webp" to jpg
[ThumbnailsConvertor] Not converting thumbnail "/Users/akash/Documents/all_rounder_yt_automation/runs/XOcm-InX80Y/yt_dlp/XOcm-InX80Y.12.jpg"; already is in target format jpg
[ThumbnailsConvertor] Converting thumbnail "/Users/akash/Documents/all_rounder_yt_automation/runs/XOcm-InX80Y/yt_dlp/XOcm-InX80Y.13.webp" to jpg
[ThumbnailsConvertor] Not converting thumbnail "/Users/akash/Documents/all_rounder_yt_automation/runs/XOcm-InX80Y/yt_dlp/XOcm-InX80Y.14.jpg"; already is in target format jpg
[ThumbnailsConvertor] Converting thumbnail "/Users/akash/Documents/all_rounder_yt_automation/runs/XOcm-InX80Y/yt_dlp/XOcm-InX80Y.15.webp" to jpg
[ThumbnailsConvertor] Not converting thumbnail "/Users/akash/Documents/all_rounder_yt_automation/runs/XOcm-InX80Y/yt_dlp/XOcm-InX80Y.16.jpg"; already is in target format jpg
[ThumbnailsConvertor] Converting thumbnail "/Users/akash/Documents/all_rounder_yt_automation/runs/XOcm-InX80Y/yt_dlp/XOcm-InX80Y.17.webp" to jpg
[ThumbnailsConvertor] Not converting thumbnail "/Users/akash/Documents/all_rounder_yt_automation/runs/XOcm-InX80Y/yt_dlp/XOcm-InX80Y.18.jpg"; already is in target format jpg
[ThumbnailsConvertor] Converting thumbnail "/Users/akash/Documents/all_rounder_yt_automation/runs/XOcm-InX80Y/yt_dlp/XOcm-InX80Y.19.webp" to jpg
[ThumbnailsConvertor] Not converting thumbnail "/Users/akash/Documents/all_rounder_yt_automation/runs/XOcm-InX80Y/yt_dlp/XOcm-InX80Y.20.jpg"; already is in target format jpg
[ThumbnailsConvertor] Converting thumbnail "/Users/akash/Documents/all_rounder_yt_automation/runs/XOcm-InX80Y/yt_dlp/XOcm-InX80Y.21.webp" to jpg
[ThumbnailsConvertor] Not converting thumbnail "/Users/akash/Documents/all_rounder_yt_automation/runs/XOcm-InX80Y/yt_dlp/XOcm-InX80Y.22.jpg"; already is in target format jpg
[ThumbnailsConvertor] Converting thumbnail "/Users/akash/Documents/all_rounder_yt_automation/runs/XOcm-InX80Y/yt_dlp/XOcm-InX80Y.23.webp" to jpg
[ThumbnailsConvertor] Not converting thumbnail "/Users/akash/Documents/all_rounder_yt_automation/runs/XOcm-InX80Y/yt_dlp/XOcm-InX80Y.24.jpg"; already is in target format jpg
[ThumbnailsConvertor] Converting thumbnail "/Users/akash/Documents/all_rounder_yt_automation/runs/XOcm-InX80Y/yt_dlp/XOcm-InX80Y.25.webp" to jpg
[ThumbnailsConvertor] Not converting thumbnail "/Users/akash/Documents/all_rounder_yt_automation/runs/XOcm-InX80Y/yt_dlp/XOcm-InX80Y.26.jpg"; already is in target format jpg
[ThumbnailsConvertor] Converting thumbnail "/Users/akash/Documents/all_rounder_yt_automation/runs/XOcm-InX80Y/yt_dlp/XOcm-InX80Y.27.webp" to jpg
[ThumbnailsConvertor] Not converting thumbnail "/Users/akash/Documents/all_rounder_yt_automation/runs/XOcm-InX80Y/yt_dlp/XOcm-InX80Y.28.jpg"; already is in target format jpg
[ThumbnailsConvertor] Converting thumbnail "/Users/akash/Documents/all_rounder_yt_automation/runs/XOcm-InX80Y/yt_dlp/XOcm-InX80Y.29.webp" to jpg
[ThumbnailsConvertor] Not converting thumbnail "/Users/akash/Documents/all_rounder_yt_automation/runs/XOcm-InX80Y/yt_dlp/XOcm-InX80Y.30.jpg"; already is in target format jpg
[ThumbnailsConvertor] Not converting thumbnail "/Users/akash/Documents/all_rounder_yt_automation/runs/XOcm-InX80Y/yt_dlp/XOcm-InX80Y.31.jpg"; already is in target format jpg
[ThumbnailsConvertor] Not converting thumbnail "/Users/akash/Documents/all_rounder_yt_automation/runs/XOcm-InX80Y/yt_dlp/XOcm-InX80Y.32.jpg"; already is in target format jpg
[ThumbnailsConvertor] Not converting thumbnail "/Users/akash/Documents/all_rounder_yt_automation/runs/XOcm-InX80Y/yt_dlp/XOcm-InX80Y.33.jpg"; already is in target format jpg
[ThumbnailsConvertor] Not converting thumbnail "/Users/akash/Documents/all_rounder_yt_automation/runs/XOcm-InX80Y/yt_dlp/XOcm-InX80Y.34.jpg"; already is in target format jpg
[ThumbnailsConvertor] Not converting thumbnail "/Users/akash/Documents/all_rounder_yt_automation/runs/XOcm-InX80Y/yt_dlp/XOcm-InX80Y.35.jpg"; already is in target format jpg
[ThumbnailsConvertor] Not converting thumbnail "/Users/akash/Documents/all_rounder_yt_automation/runs/XOcm-InX80Y/yt_dlp/XOcm-InX80Y.36.jpg"; already is in target format jpg
[ThumbnailsConvertor] Not converting thumbnail "/Users/akash/Documents/all_rounder_yt_automation/runs/XOcm-InX80Y/yt_dlp/XOcm-InX80Y.37.jpg"; already is in target format jpg
[ThumbnailsConvertor] Not converting thumbnail "/Users/akash/Documents/all_rounder_yt_automation/runs/XOcm-InX80Y/yt_dlp/XOcm-InX80Y.38.jpg"; already is in target format jpg
[ThumbnailsConvertor] Converting thumbnail "/Users/akash/Documents/all_rounder_yt_automation/runs/XOcm-InX80Y/yt_dlp/XOcm-InX80Y.39.webp" to jpg
[ThumbnailsConvertor] Not converting thumbnail "/Users/akash/Documents/all_rounder_yt_automation/runs/XOcm-InX80Y/yt_dlp/XOcm-InX80Y.40.jpg"; already is in target format jpg
[ThumbnailsConvertor] Converting thumbnail "/Users/akash/Documents/all_rounder_yt_automation/runs/XOcm-InX80Y/yt_dlp/XOcm-InX80Y.41.webp" to jpg
[ThumbnailsConvertor] Not converting thumbnail "/Users/akash/Documents/all_rounder_yt_automation/runs/XOcm-InX80Y/yt_dlp/XOcm-InX80Y.42.jpg"; already is in target format jpg
[ThumbnailsConvertor] Converting thumbnail "/Users/akash/Documents/all_rounder_yt_automation/runs/XOcm-InX80Y/yt_dlp/XOcm-InX80Y.43.webp" to jpg
[ThumbnailsConvertor] Not converting thumbnail "/Users/akash/Documents/all_rounder_yt_automation/runs/XOcm-InX80Y/yt_dlp/XOcm-InX80Y.44.jpg"; already is in target format jpg
[ThumbnailsConvertor] Converting thumbnail "/Users/akash/Documents/all_rounder_yt_automation/runs/XOcm-InX80Y/yt_dlp/XOcm-InX80Y.45.webp" to jpg
Deleting original file /Users/akash/Documents/all_rounder_yt_automation/runs/XOcm-InX80Y/yt_dlp/XOcm-InX80Y.39.webp (pass -k to keep)
Deleting original file /Users/akash/Documents/all_rounder_yt_automation/runs/XOcm-InX80Y/yt_dlp/XOcm-InX80Y.19.webp (pass -k to keep)
Deleting original file /Users/akash/Documents/all_rounder_yt_automation/runs/XOcm-InX80Y/yt_dlp/XOcm-InX80Y.11.webp (pass -k to keep)
Deleting original file /Users/akash/Documents/all_rounder_yt_automation/runs/XOcm-InX80Y/yt_dlp/XOcm-InX80Y.41.webp (pass -k to keep)
Deleting original file /Users/akash/Documents/all_rounder_yt_automation/runs/XOcm-InX80Y/yt_dlp/XOcm-InX80Y.9.webp (pass -k to keep)
Deleting original file /Users/akash/Documents/all_rounder_yt_automation/runs/XOcm-InX80Y/yt_dlp/XOcm-InX80Y.27.webp (pass -k to keep)
Deleting original file /Users/akash/Documents/all_rounder_yt_automation/runs/XOcm-InX80Y/yt_dlp/XOcm-InX80Y.13.webp (pass -k to keep)
Deleting original file /Users/akash/Documents/all_rounder_yt_automation/runs/XOcm-InX80Y/yt_dlp/XOcm-InX80Y.3.webp (pass -k to keep)
Deleting original file /Users/akash/Documents/all_rounder_yt_automation/runs/XOcm-InX80Y/yt_dlp/XOcm-InX80Y.7.webp (pass -k to keep)
Deleting original file /Users/akash/Documents/all_rounder_yt_automation/runs/XOcm-InX80Y/yt_dlp/XOcm-InX80Y.1.webp (pass -k to keep)
Deleting original file /Users/akash/Documents/all_rounder_yt_automation/runs/XOcm-InX80Y/yt_dlp/XOcm-InX80Y.21.webp (pass -k to keep)
Deleting original file /Users/akash/Documents/all_rounder_yt_automation/runs/XOcm-InX80Y/yt_dlp/XOcm-InX80Y.23.webp (pass -k to keep)
Deleting original file /Users/akash/Documents/all_rounder_yt_automation/runs/XOcm-InX80Y/yt_dlp/XOcm-InX80Y.15.webp (pass -k to keep)
Deleting original file /Users/akash/Documents/all_rounder_yt_automation/runs/XOcm-InX80Y/yt_dlp/XOcm-InX80Y.5.webp (pass -k to keep)
Deleting original file /Users/akash/Documents/all_rounder_yt_automation/runs/XOcm-InX80Y/yt_dlp/XOcm-InX80Y.25.webp (pass -k to keep)
Deleting original file /Users/akash/Documents/all_rounder_yt_automation/runs/XOcm-InX80Y/yt_dlp/XOcm-InX80Y.29.webp (pass -k to keep)
Deleting original file /Users/akash/Documents/all_rounder_yt_automation/runs/XOcm-InX80Y/yt_dlp/XOcm-InX80Y.43.webp (pass -k to keep)
Deleting original file /Users/akash/Documents/all_rounder_yt_automation/runs/XOcm-InX80Y/yt_dlp/XOcm-InX80Y.17.webp (pass -k to keep)
Deleting original file /Users/akash/Documents/all_rounder_yt_automation/runs/XOcm-InX80Y/yt_dlp/XOcm-InX80Y.45.webp (pass -k to keep)
[hlsnative] Downloading m3u8 manifest
[hlsnative] Total fragments: 54
[download] Destination: /Users/akash/Documents/all_rounder_yt_automation/runs/XOcm-InX80Y/yt_dlp/XOcm-InX80Y.mp4

[download] 100.0% of ~   1.00KiB at    1.89KiB/s ETA Unknown (frag 0/54)
[download]   5.6% of ~  54.00KiB at    1.89KiB/s ETA Unknown (frag 0/54)
[download]   4.3% of ~ 162.00KiB at    1.89KiB/s ETA Unknown (frag 0/54)
[download]   4.0% of ~ 378.00KiB at    1.89KiB/s ETA Unknown (frag 0/54)
[download]   3.8% of ~ 810.00KiB at    1.89KiB/s ETA Unknown (frag 0/54)
[download]   3.8% of ~   1.63MiB at    1.89KiB/s ETA Unknown (frag 0/54)
[download]   3.7% of ~   3.32MiB at    1.89KiB/s ETA Unknown (frag 0/54)
[download]   2.6% of ~   6.70MiB at  135.62KiB/s ETA Unknown (frag 0/54)
[download]   0.9% of ~  18.63MiB at  135.62KiB/s ETA Unknown (frag 1/54)
[download]   3.7% of ~   4.66MiB at  213.52KiB/s ETA Unknown (frag 1/54)
[download]   3.7% of ~   4.68MiB at  213.52KiB/s ETA Unknown (frag 1/54)
[download]   3.8% of ~   4.74MiB at  213.52KiB/s ETA Unknown (frag 1/54)
[download]   3.9% of ~   4.84MiB at  213.52KiB/s ETA Unknown (frag 1/54)
[download]   4.0% of ~   5.05MiB at  213.52KiB/s ETA Unknown (frag 1/54)
[download]   4.3% of ~   5.47MiB at  213.52KiB/s ETA Unknown (frag 1/54)
[download]   4.7% of ~   6.32MiB at  213.52KiB/s ETA Unknown (frag 1/54)
[download]   5.3% of ~   8.01MiB at  397.04KiB/s ETA Unknown (frag 1/54)
[download]   5.7% of ~  11.38MiB at  623.81KiB/s ETA Unknown (frag 1/54)
[download]   2.1% of ~  30.24MiB at  623.81KiB/s ETA Unknown (frag 2/54)
[download]   5.6% of ~  11.63MiB at  754.56KiB/s ETA Unknown (frag 2/54)
[download]   5.6% of ~  11.65MiB at  754.56KiB/s ETA Unknown (frag 2/54)
[download]   5.6% of ~  11.68MiB at  754.56KiB/s ETA Unknown (frag 2/54)
[download]   5.6% of ~  11.75MiB at  754.56KiB/s ETA Unknown (frag 2/54)
[download]   5.7% of ~  11.89MiB at  754.56KiB/s ETA Unknown (frag 2/54)
[download]   5.8% of ~  12.18MiB at  754.56KiB/s ETA Unknown (frag 2/54)
[download]   6.0% of ~  12.74MiB at  754.56KiB/s ETA Unknown (frag 2/54)
[download]   6.5% of ~  13.86MiB at  919.93KiB/s ETA Unknown (frag 2/54)
[download]   6.1% of ~  16.11MiB at  919.93KiB/s ETA Unknown (frag 2/54)
[download]   4.2% of ~  23.52MiB at  919.93KiB/s ETA Unknown (frag 3/54)
[download]   7.4% of ~  13.18MiB at    1.00MiB/s ETA Unknown (frag 3/54)
[download]   7.4% of ~  13.19MiB at    1.00MiB/s ETA Unknown (frag 3/54)
[download]   7.4% of ~  13.22MiB at    1.00MiB/s ETA Unknown (frag 3/54)
[download]   7.5% of ~  13.27MiB at    1.00MiB/s ETA Unknown (frag 3/54)
[download]   7.5% of ~  13.38MiB at    1.00MiB/s ETA Unknown (frag 3/54)
[download]   7.6% of ~  13.59MiB at    1.00MiB/s ETA Unknown (frag 3/54)
[download]   7.9% of ~  14.01MiB at    1.00MiB/s ETA Unknown (frag 3/54)
[download]   8.2% of ~  14.86MiB at    1.13MiB/s ETA Unknown (frag 3/54)
[download]   8.7% of ~  16.54MiB at    1.27MiB/s ETA Unknown (frag 3/54)
[download]   5.6% of ~  25.82MiB at    1.27MiB/s ETA Unknown (frag 4/54)
[download]   9.3% of ~  15.60MiB at    1.34MiB/s ETA Unknown (frag 4/54)
[download]   9.3% of ~  15.61MiB at    1.34MiB/s ETA Unknown (frag 4/54)
[download]   9.3% of ~  15.63MiB at    1.34MiB/s ETA Unknown (frag 4/54)
[download]   9.3% of ~  15.67MiB at    1.34MiB/s ETA Unknown (frag 4/54)
[download]   9.4% of ~  15.76MiB at    1.34MiB/s ETA Unknown (frag 4/54)
[download]   9.5% of ~  15.93MiB at    1.34MiB/s ETA Unknown (frag 4/54)
[download]   9.6% of ~  16.26MiB at    1.34MiB/s ETA Unknown (frag 4/54)
[download]  10.0% of ~  16.94MiB at    1.43MiB/s ETA 00:09 (frag 4/54)  
[download]   9.9% of ~  18.29MiB at    1.43MiB/s ETA 00:09 (frag 4/54)
[download]   7.7% of ~  23.54MiB at    1.43MiB/s ETA 00:09 (frag 5/54)
[download]  11.1% of ~  16.31MiB at    1.49MiB/s ETA 00:09 (frag 5/54)
[download]  11.1% of ~  16.32MiB at    1.49MiB/s ETA 00:09 (frag 5/54)
[download]  11.1% of ~  16.33MiB at    1.49MiB/s ETA 00:09 (frag 5/54)
[download]  11.2% of ~  16.37MiB at    1.49MiB/s ETA 00:09 (frag 5/54)
[download]  11.2% of ~  16.44MiB at    1.49MiB/s ETA 00:09 (frag 5/54)
[download]  11.3% of ~  16.58MiB at    1.49MiB/s ETA 00:09 (frag 5/54)
[download]  11.5% of ~  16.86MiB at    1.49MiB/s ETA 00:09 (frag 5/54)
[download]  11.8% of ~  17.42MiB at    1.57MiB/s ETA 00:09 (frag 5/54)
[download]  10.0% of ~  20.60MiB at    1.57MiB/s ETA 00:09 (frag 6/54)
[download]  13.0% of ~  15.82MiB at    1.57MiB/s ETA 00:09 (frag 6/54)
[download]  13.0% of ~  15.82MiB at    1.57MiB/s ETA 00:09 (frag 6/54)
[download]  13.0% of ~  15.84MiB at    1.57MiB/s ETA 00:09 (frag 6/54)
[download]  13.0% of ~  15.87MiB at    1.57MiB/s ETA 00:09 (frag 6/54)
[download]  13.1% of ~  15.93MiB at    1.57MiB/s ETA 00:09 (frag 6/54)
[download]  13.2% of ~  16.05MiB at    1.61MiB/s ETA 00:09 (frag 6/54)
[download]  13.3% of ~  16.29MiB at    1.61MiB/s ETA 00:09 (frag 6/54)
[download]  13.7% of ~  16.77MiB at    1.61MiB/s ETA 00:09 (frag 6/54)
[download]  13.9% of ~  17.74MiB at    1.70MiB/s ETA 00:08 (frag 6/54)
[download]  11.1% of ~  22.11MiB at    1.70MiB/s ETA 00:08 (frag 7/54)
[download]  14.8% of ~  16.59MiB at    1.70MiB/s ETA 00:08 (frag 7/54)
[download]  14.8% of ~  16.60MiB at    1.70MiB/s ETA 00:08 (frag 7/54)
[download]  14.8% of ~  16.61MiB at    1.70MiB/s ETA 00:08 (frag 7/54)
[download]  14.9% of ~  16.64MiB at    1.70MiB/s ETA 00:08 (frag 7/54)
[download]  14.9% of ~  16.69MiB at    1.74MiB/s ETA 00:08 (frag 7/54)
[download]  15.0% of ~  16.80MiB at    1.74MiB/s ETA 00:08 (frag 7/54)
[download]  15.2% of ~  17.01MiB at    1.74MiB/s ETA 00:08 (frag 7/54)
[download]  15.0% of ~  17.43MiB at    1.74MiB/s ETA 00:08 (frag 7/54)
[download]  14.0% of ~  18.65MiB at    1.74MiB/s ETA 00:08 (frag 8/54)
[download]  16.7% of ~  15.66MiB at    1.77MiB/s ETA 00:08 (frag 8/54)
[download]  16.7% of ~  15.67MiB at    1.77MiB/s ETA 00:08 (frag 8/54)
[download]  16.7% of ~  15.68MiB at    1.77MiB/s ETA 00:08 (frag 8/54)
[download]  16.7% of ~  15.70MiB at    1.77MiB/s ETA 00:08 (frag 8/54)
[download]  16.8% of ~  15.75MiB at    1.77MiB/s ETA 00:08 (frag 8/54)
[download]  16.9% of ~  15.84MiB at    1.77MiB/s ETA 00:08 (frag 8/54)
[download]  17.1% of ~  16.03MiB at    1.77MiB/s ETA 00:08 (frag 8/54)
[download]  17.4% of ~  16.41MiB at    1.82MiB/s ETA 00:08 (frag 8/54)
[download]  18.1% of ~  17.16MiB at    1.88MiB/s ETA 00:08 (frag 8/54)
[download]  16.9% of ~  18.66MiB at    1.90MiB/s ETA 00:08 (frag 8/54)
[download]  14.2% of ~  22.14MiB at    1.90MiB/s ETA 00:08 (frag 9/54)
[download]  18.5% of ~  17.01MiB at    1.90MiB/s ETA 00:08 (frag 9/54)
[download]  18.5% of ~  17.02MiB at    1.90MiB/s ETA 00:08 (frag 9/54)
[download]  18.5% of ~  17.03MiB at    1.90MiB/s ETA 00:08 (frag 9/54)
[download]  18.6% of ~  17.05MiB at    1.90MiB/s ETA 00:08 (frag 9/54)
[download]  18.6% of ~  17.09MiB at    1.90MiB/s ETA 00:08 (frag 9/54)
[download]  18.7% of ~  17.17MiB at    1.90MiB/s ETA 00:08 (frag 9/54)
[download]  18.9% of ~  17.34MiB at    1.90MiB/s ETA 00:08 (frag 9/54)
[download]  19.2% of ~  17.68MiB at    1.93MiB/s ETA 00:08 (frag 9/54)
[download]  18.7% of ~  18.36MiB at    1.93MiB/s ETA 00:08 (frag 9/54)
[download]  17.1% of ~  20.05MiB at    1.93MiB/s ETA 00:08 (frag 10/54)
[download]  20.4% of ~  16.85MiB at    1.93MiB/s ETA 00:07 (frag 10/54)
[download]  20.4% of ~  16.85MiB at    1.93MiB/s ETA 00:07 (frag 10/54)
[download]  20.4% of ~  16.86MiB at    1.93MiB/s ETA 00:07 (frag 10/54)
[download]  20.4% of ~  16.88MiB at    1.93MiB/s ETA 00:07 (frag 10/54)
[download]  20.5% of ~  16.92MiB at    1.93MiB/s ETA 00:07 (frag 10/54)
[download]  20.6% of ~  16.99MiB at    1.93MiB/s ETA 00:07 (frag 10/54)
[download]  20.7% of ~  17.15MiB at    1.93MiB/s ETA 00:07 (frag 10/54)
[download]  21.1% of ~  17.46MiB at    1.95MiB/s ETA 00:07 (frag 10/54)
[download]  21.8% of ~  18.07MiB at    1.95MiB/s ETA 00:07 (frag 10/54)
[download]  20.9% of ~  19.30MiB at    2.01MiB/s ETA 00:07 (frag 10/54)
[download]  17.7% of ~  22.71MiB at    2.01MiB/s ETA 00:07 (frag 11/54)
[download]  22.2% of ~  18.13MiB at    2.03MiB/s ETA 00:07 (frag 11/54)
[download]  22.2% of ~  18.13MiB at    2.03MiB/s ETA 00:07 (frag 11/54)
[download]  22.2% of ~  18.14MiB at    2.03MiB/s ETA 00:07 (frag 11/54)
[download]  22.3% of ~  18.16MiB at    2.03MiB/s ETA 00:07 (frag 11/54)
[download]  22.3% of ~  18.19MiB at    2.03MiB/s ETA 00:07 (frag 11/54)
[download]  22.4% of ~  18.27MiB at    2.03MiB/s ETA 00:07 (frag 11/54)
[download]  22.6% of ~  18.41MiB at    2.03MiB/s ETA 00:07 (frag 11/54)
[download]  22.9% of ~  18.69MiB at    2.03MiB/s ETA 00:07 (frag 11/54)
[download]  23.2% of ~  19.25MiB at    2.08MiB/s ETA 00:07 (frag 11/54)
[download]  20.2% of ~  22.11MiB at    2.08MiB/s ETA 00:07 (frag 12/54)
[download]  24.1% of ~  18.57MiB at    2.08MiB/s ETA 00:07 (frag 12/54)
[download]  24.1% of ~  18.58MiB at    2.08MiB/s ETA 00:07 (frag 12/54)
[download]  24.1% of ~  18.58MiB at    2.08MiB/s ETA 00:07 (frag 12/54)
[download]  24.1% of ~  18.60MiB at    2.08MiB/s ETA 00:07 (frag 12/54)
[download]  24.2% of ~  18.63MiB at    2.11MiB/s ETA 00:07 (frag 12/54)
[download]  24.2% of ~  18.70MiB at    2.11MiB/s ETA 00:07 (frag 12/54)
[download]  24.4% of ~  18.83MiB at    2.11MiB/s ETA 00:07 (frag 12/54)
[download]  24.7% of ~  19.09MiB at    2.13MiB/s ETA 00:07 (frag 12/54)
[download]  25.3% of ~  19.61MiB at    2.17MiB/s ETA 00:07 (frag 12/54)
[download]  24.4% of ~  20.64MiB at    2.17MiB/s ETA 00:07 (frag 12/54)
[download]  21.6% of ~  23.34MiB at    2.17MiB/s ETA 00:07 (frag 13/54)
[download]  25.9% of ~  19.46MiB at    2.19MiB/s ETA 00:07 (frag 13/54)
[download]  25.9% of ~  19.46MiB at    2.19MiB/s ETA 00:07 (frag 13/54)
[download]  25.9% of ~  19.47MiB at    2.19MiB/s ETA 00:07 (frag 13/54)
[download]  26.0% of ~  19.49MiB at    2.19MiB/s ETA 00:07 (frag 13/54)
[download]  26.0% of ~  19.52MiB at    2.19MiB/s ETA 00:07 (frag 13/54)
[download]  26.1% of ~  19.58MiB at    2.19MiB/s ETA 00:07 (frag 13/54)
[download]  26.2% of ~  19.70MiB at    2.19MiB/s ETA 00:07 (frag 13/54)
[download]  26.6% of ~  19.94MiB at    2.22MiB/s ETA 00:07 (frag 13/54)
[download]  27.2% of ~  20.42MiB at    2.22MiB/s ETA 00:07 (frag 13/54)
[download]  26.1% of ~  21.38MiB at    2.26MiB/s ETA 00:07 (frag 13/54)
[download]  23.7% of ~  23.58MiB at    2.26MiB/s ETA 00:07 (frag 14/54)
[download]  27.8% of ~  20.08MiB at    2.28MiB/s ETA 00:07 (frag 14/54)
[download]  27.8% of ~  20.09MiB at    2.28MiB/s ETA 00:07 (frag 14/54)
[download]  27.8% of ~  20.09MiB at    2.28MiB/s ETA 00:07 (frag 14/54)
[download]  27.8% of ~  20.11MiB at    2.28MiB/s ETA 00:07 (frag 14/54)
[download]  27.9% of ~  20.14MiB at    2.28MiB/s ETA 00:07 (frag 14/54)
[download]  27.9% of ~  20.19MiB at    2.28MiB/s ETA 00:07 (frag 14/54)
[download]  28.1% of ~  20.31MiB at    2.28MiB/s ETA 00:07 (frag 14/54)
[download]  28.4% of ~  20.53MiB at    2.30MiB/s ETA 00:06 (frag 14/54)
[download]  28.0% of ~  20.98MiB at    2.30MiB/s ETA 00:06 (frag 14/54)
[download]  26.4% of ~  22.21MiB at    2.30MiB/s ETA 00:06 (frag 15/54)
[download]  29.6% of ~  19.83MiB at    2.30MiB/s ETA 00:06 (frag 15/54)
[download]  29.6% of ~  19.83MiB at    2.30MiB/s ETA 00:06 (frag 15/54)
[download]  29.6% of ~  19.84MiB at    2.30MiB/s ETA 00:06 (frag 15/54)
[download]  29.7% of ~  19.85MiB at    2.30MiB/s ETA 00:06 (frag 15/54)
[download]  29.7% of ~  19.88MiB at    2.30MiB/s ETA 00:06 (frag 15/54)
[download]  29.8% of ~  19.93MiB at    2.30MiB/s ETA 00:06 (frag 15/54)
[download]  29.9% of ~  20.03MiB at    2.30MiB/s ETA 00:06 (frag 15/54)
[download]  30.2% of ~  20.25MiB at    2.32MiB/s ETA 00:06 (frag 15/54)
[download]  30.7% of ~  20.67MiB at    2.33MiB/s ETA 00:06 (frag 15/54)
[download]  27.6% of ~  22.97MiB at    2.33MiB/s ETA 00:06 (frag 16/54)
[download]  31.5% of ~  20.14MiB at    2.33MiB/s ETA 00:06 (frag 16/54)
[download]  31.5% of ~  20.14MiB at    2.33MiB/s ETA 00:06 (frag 16/54)
[download]  31.5% of ~  20.15MiB at    2.33MiB/s ETA 00:06 (frag 16/54)
[download]  31.5% of ~  20.16MiB at    2.33MiB/s ETA 00:06 (frag 16/54)
[download]  31.6% of ~  20.18MiB at    2.33MiB/s ETA 00:06 (frag 16/54)
[download]  31.6% of ~  20.23MiB at    2.33MiB/s ETA 00:06 (frag 16/54)
[download]  31.8% of ~  20.33MiB at    2.33MiB/s ETA 00:06 (frag 16/54)
[download]  32.1% of ~  20.53MiB at    2.33MiB/s ETA 00:06 (frag 16/54)
[download]  32.1% of ~  20.93MiB at    2.33MiB/s ETA 00:06 (frag 16/54)
[download]  29.8% of ~  22.53MiB at    2.33MiB/s ETA 00:06 (frag 17/54)
[download]  33.3% of ~  20.15MiB at    2.33MiB/s ETA 00:06 (frag 17/54)
[download]  33.3% of ~  20.15MiB at    2.33MiB/s ETA 00:06 (frag 17/54)
[download]  33.4% of ~  20.16MiB at    2.33MiB/s ETA 00:06 (frag 17/54)
[download]  33.4% of ~  20.17MiB at    2.33MiB/s ETA 00:06 (frag 17/54)
[download]  33.4% of ~  20.19MiB at    2.33MiB/s ETA 00:06 (frag 17/54)
[download]  33.5% of ~  20.24MiB at    2.33MiB/s ETA 00:06 (frag 17/54)
[download]  33.6% of ~  20.33MiB at    2.33MiB/s ETA 00:06 (frag 17/54)
[download]  33.9% of ~  20.52MiB at    2.35MiB/s ETA 00:06 (frag 17/54)
[download]  33.9% of ~  20.89MiB at    2.35MiB/s ETA 00:06 (frag 17/54)
[download]  31.7% of ~  22.30MiB at    2.35MiB/s ETA 00:06 (frag 18/54)
[download]  35.2% of ~  20.11MiB at    2.35MiB/s ETA 00:06 (frag 18/54)
[download]  35.2% of ~  20.11MiB at    2.35MiB/s ETA 00:06 (frag 18/54)
[download]  35.2% of ~  20.12MiB at    2.35MiB/s ETA 00:06 (frag 18/54)
[download]  35.2% of ~  20.13MiB at    2.35MiB/s ETA 00:06 (frag 18/54)
[download]  35.3% of ~  20.15MiB at    2.35MiB/s ETA 00:06 (frag 18/54)
[download]  35.3% of ~  20.19MiB at    2.35MiB/s ETA 00:06 (frag 18/54)
[download]  35.5% of ~  20.28MiB at    2.35MiB/s ETA 00:06 (frag 18/54)
[download]  35.8% of ~  20.46MiB at    2.40MiB/s ETA 00:06 (frag 18/54)
[download]  35.8% of ~  20.82MiB at    2.40MiB/s ETA 00:06 (frag 18/54)
[download]  33.5% of ~  22.20MiB at    2.40MiB/s ETA 00:06 (frag 19/54)
[download]  37.0% of ~  20.09MiB at    2.43MiB/s ETA 00:06 (frag 19/54)
[download]  37.0% of ~  20.10MiB at    2.43MiB/s ETA 00:06 (frag 19/54)
[download]  37.1% of ~  20.10MiB at    2.43MiB/s ETA 00:06 (frag 19/54)
[download]  37.1% of ~  20.11MiB at    2.43MiB/s ETA 00:06 (frag 19/54)
[download]  37.1% of ~  20.13MiB at    2.43MiB/s ETA 00:06 (frag 19/54)
[download]  37.2% of ~  20.18MiB at    2.43MiB/s ETA 00:06 (frag 19/54)
[download]  37.3% of ~  20.26MiB at    2.43MiB/s ETA 00:06 (frag 19/54)
[download]  37.6% of ~  20.43MiB at    2.50MiB/s ETA 00:05 (frag 19/54)
[download]  38.2% of ~  20.77MiB at    2.56MiB/s ETA 00:05 (frag 19/54)
[download]  37.7% of ~  21.44MiB at    2.56MiB/s ETA 00:05 (frag 19/54)
[download]  34.3% of ~  23.54MiB at    2.56MiB/s ETA 00:05 (frag 20/54)
[download]  38.9% of ~  20.78MiB at    2.59MiB/s ETA 00:05 (frag 20/54)
[download]  38.9% of ~  20.78MiB at    2.59MiB/s ETA 00:05 (frag 20/54)
[download]  38.9% of ~  20.78MiB at    2.59MiB/s ETA 00:05 (frag 20/54)
[download]  38.9% of ~  20.79MiB at    2.59MiB/s ETA 00:05 (frag 20/54)
[download]  39.0% of ~  20.81MiB at    2.59MiB/s ETA 00:05 (frag 20/54)
[download]  39.0% of ~  20.85MiB at    2.59MiB/s ETA 00:05 (frag 20/54)
[download]  39.2% of ~  20.93MiB at    2.59MiB/s ETA 00:05 (frag 20/54)
[download]  39.5% of ~  21.09MiB at    2.63MiB/s ETA 00:05 (frag 20/54)
[download]  40.1% of ~  21.42MiB at    2.66MiB/s ETA 00:05 (frag 20/54)
[download]  39.2% of ~  22.06MiB at    2.66MiB/s ETA 00:05 (frag 20/54)
[download]  36.5% of ~  23.67MiB at    2.66MiB/s ETA 00:05 (frag 21/54)
[download]  40.7% of ~  21.21MiB at    2.68MiB/s ETA 00:05 (frag 21/54)
[download]  40.7% of ~  21.22MiB at    2.68MiB/s ETA 00:05 (frag 21/54)
[download]  40.8% of ~  21.22MiB at    2.68MiB/s ETA 00:05 (frag 21/54)
[download]  40.8% of ~  21.23MiB at    2.68MiB/s ETA 00:05 (frag 21/54)
[download]  40.8% of ~  21.25MiB at    2.68MiB/s ETA 00:05 (frag 21/54)
[download]  40.9% of ~  21.29MiB at    2.68MiB/s ETA 00:05 (frag 21/54)
[download]  41.0% of ~  21.36MiB at    2.68MiB/s ETA 00:05 (frag 21/54)
[download]  41.3% of ~  21.52MiB at    2.69MiB/s ETA 00:05 (frag 21/54)
[download]  41.0% of ~  21.82MiB at    2.68MiB/s ETA 00:05 (frag 21/54)
[download]  39.4% of ~  22.69MiB at    2.68MiB/s ETA 00:05 (frag 22/54)
[download]  42.6% of ~  21.00MiB at    2.66MiB/s ETA 00:05 (frag 22/54)
[download]  42.6% of ~  21.00MiB at    2.66MiB/s ETA 00:05 (frag 22/54)
[download]  42.6% of ~  21.01MiB at    2.66MiB/s ETA 00:05 (frag 22/54)
[download]  42.6% of ~  21.01MiB at    2.66MiB/s ETA 00:05 (frag 22/54)
[download]  42.7% of ~  21.03MiB at    2.66MiB/s ETA 00:05 (frag 22/54)
[download]  42.7% of ~  21.07MiB at    2.66MiB/s ETA 00:05 (frag 22/54)
[download]  42.9% of ~  21.14MiB at    2.66MiB/s ETA 00:05 (frag 22/54)
[download]  43.2% of ~  21.29MiB at    2.64MiB/s ETA 00:05 (frag 22/54)
[download]  43.3% of ~  21.58MiB at    2.64MiB/s ETA 00:05 (frag 22/54)
[download]  40.8% of ~  22.93MiB at    2.64MiB/s ETA 00:05 (frag 23/54)
[download]  44.4% of ~  21.05MiB at    2.62MiB/s ETA 00:05 (frag 23/54)
[download]  44.5% of ~  21.05MiB at    2.62MiB/s ETA 00:05 (frag 23/54)
[download]  44.5% of ~  21.05MiB at    2.62MiB/s ETA 00:05 (frag 23/54)
[download]  44.5% of ~  21.06MiB at    2.62MiB/s ETA 00:05 (frag 23/54)
[download]  44.5% of ~  21.08MiB at    2.62MiB/s ETA 00:05 (frag 23/54)
[download]  44.6% of ~  21.12MiB at    2.62MiB/s ETA 00:05 (frag 23/54)
[download]  44.7% of ~  21.19MiB at    2.61MiB/s ETA 00:05 (frag 23/54)
[download]  45.0% of ~  21.33MiB at    2.61MiB/s ETA 00:05 (frag 23/54)
[download]  45.4% of ~  21.61MiB at    2.61MiB/s ETA 00:05 (frag 23/54)
[download]  42.5% of ~  23.06MiB at    2.61MiB/s ETA 00:05 (frag 24/54)
[download]  46.3% of ~  21.17MiB at    2.61MiB/s ETA 00:05 (frag 24/54)
[download]  46.3% of ~  21.17MiB at    2.61MiB/s ETA 00:05 (frag 24/54)
[download]  46.3% of ~  21.18MiB at    2.61MiB/s ETA 00:05 (frag 24/54)
[download]  46.3% of ~  21.19MiB at    2.61MiB/s ETA 00:05 (frag 24/54)
[download]  46.4% of ~  21.20MiB at    2.58MiB/s ETA 00:04 (frag 24/54)
[download]  46.4% of ~  21.24MiB at    2.58MiB/s ETA 00:04 (frag 24/54)
[download]  46.6% of ~  21.31MiB at    2.58MiB/s ETA 00:04 (frag 24/54)
[download]  46.9% of ~  21.44MiB at    2.57MiB/s ETA 00:04 (frag 24/54)
[download]  47.0% of ~  21.71MiB at    2.57MiB/s ETA 00:04 (frag 24/54)
[download]  44.5% of ~  22.95MiB at    2.57MiB/s ETA 00:04 (frag 25/54)
[download]  48.2% of ~  21.21MiB at    2.57MiB/s ETA 00:04 (frag 25/54)
[download]  48.2% of ~  21.21MiB at    2.57MiB/s ETA 00:04 (frag 25/54)
[download]  48.2% of ~  21.22MiB at    2.57MiB/s ETA 00:04 (frag 25/54)
[download]  48.2% of ~  21.23MiB at    2.57MiB/s ETA 00:04 (frag 25/54)
[download]  48.2% of ~  21.24MiB at    2.57MiB/s ETA 00:04 (frag 25/54)
[download]  48.3% of ~  21.27MiB at    2.57MiB/s ETA 00:04 (frag 25/54)
[download]  48.4% of ~  21.34MiB at    2.57MiB/s ETA 00:04 (frag 25/54)
[download]  48.7% of ~  21.47MiB at    2.57MiB/s ETA 00:04 (frag 25/54)
[download]  49.0% of ~  21.73MiB at    2.57MiB/s ETA 00:04 (frag 25/54)
[download]  46.2% of ~  23.04MiB at    2.57MiB/s ETA 00:04 (frag 26/54)
[download]  50.0% of ~  21.30MiB at    2.56MiB/s ETA 00:04 (frag 26/54)
[download]  50.0% of ~  21.31MiB at    2.56MiB/s ETA 00:04 (frag 26/54)
[download]  50.0% of ~  21.31MiB at    2.56MiB/s ETA 00:04 (frag 26/54)
[download]  50.0% of ~  21.32MiB at    2.56MiB/s ETA 00:04 (frag 26/54)
[download]  50.1% of ~  21.33MiB at    2.56MiB/s ETA 00:04 (frag 26/54)
[download]  50.1% of ~  21.36MiB at    2.56MiB/s ETA 00:04 (frag 26/54)
[download]  50.3% of ~  21.43MiB at    2.56MiB/s ETA 00:04 (frag 26/54)
[download]  50.6% of ~  21.55MiB at    2.57MiB/s ETA 00:04 (frag 26/54)
[download]  50.4% of ~  21.80MiB at    2.57MiB/s ETA 00:04 (frag 26/54)
[download]  48.5% of ~  22.66MiB at    2.57MiB/s ETA 00:04 (frag 27/54)
[download]  51.9% of ~  21.20MiB at    2.58MiB/s ETA 00:04 (frag 27/54)
[download]  51.9% of ~  21.20MiB at    2.58MiB/s ETA 00:04 (frag 27/54)
[download]  51.9% of ~  21.20MiB at    2.58MiB/s ETA 00:04 (frag 27/54)
[download]  51.9% of ~  21.21MiB at    2.58MiB/s ETA 00:04 (frag 27/54)
[download]  51.9% of ~  21.22MiB at    2.58MiB/s ETA 00:04 (frag 27/54)
[download]  52.0% of ~  21.26MiB at    2.58MiB/s ETA 00:04 (frag 27/54)
[download]  52.1% of ~  21.32MiB at    2.58MiB/s ETA 00:04 (frag 27/54)
[download]  52.4% of ~  21.44MiB at    2.60MiB/s ETA 00:04 (frag 27/54)
[download]  53.0% of ~  21.68MiB at    2.61MiB/s ETA 00:04 (frag 27/54)
[download]  49.7% of ~  23.08MiB at    2.61MiB/s ETA 00:04 (frag 28/54)
[download]  53.7% of ~  21.37MiB at    2.58MiB/s ETA 00:04 (frag 28/54)
[download]  53.7% of ~  21.38MiB at    2.58MiB/s ETA 00:04 (frag 28/54)
[download]  53.7% of ~  21.38MiB at    2.58MiB/s ETA 00:04 (frag 28/54)
[download]  53.7% of ~  21.39MiB at    2.58MiB/s ETA 00:04 (frag 28/54)
[download]  53.8% of ~  21.40MiB at    2.58MiB/s ETA 00:04 (frag 28/54)
[download]  53.8% of ~  21.43MiB at    2.58MiB/s ETA 00:04 (frag 28/54)
[download]  54.0% of ~  21.49MiB at    2.58MiB/s ETA 00:04 (frag 28/54)
[download]  54.3% of ~  21.61MiB at    2.58MiB/s ETA 00:04 (frag 28/54)
[download]  54.8% of ~  21.84MiB at    2.57MiB/s ETA 00:04 (frag 28/54)
[download]  54.0% of ~  22.30MiB at    2.57MiB/s ETA 00:04 (frag 28/54)
[download]  51.3% of ~  23.48MiB at    2.57MiB/s ETA 00:04 (frag 29/54)
[download]  55.6% of ~  21.68MiB at    2.54MiB/s ETA 00:04 (frag 29/54)
[download]  55.6% of ~  21.68MiB at    2.54MiB/s ETA 00:04 (frag 29/54)
[download]  55.6% of ~  21.69MiB at    2.54MiB/s ETA 00:04 (frag 29/54)
[download]  55.6% of ~  21.69MiB at    2.54MiB/s ETA 00:04 (frag 29/54)
[download]  55.6% of ~  21.71MiB at    2.54MiB/s ETA 00:04 (frag 29/54)
[download]  55.7% of ~  21.73MiB at    2.54MiB/s ETA 00:04 (frag 29/54)
[download]  55.8% of ~  21.79MiB at    2.54MiB/s ETA 00:04 (frag 29/54)
[download]  56.1% of ~  21.90MiB at    2.52MiB/s ETA 00:04 (frag 29/54)
[download]  56.6% of ~  22.13MiB at    2.52MiB/s ETA 00:04 (frag 29/54)
[download]  53.5% of ~  23.40MiB at    2.52MiB/s ETA 00:04 (frag 30/54)
[download]  57.4% of ~  21.81MiB at    2.52MiB/s ETA 00:04 (frag 30/54)
[download]  57.4% of ~  21.81MiB at    2.52MiB/s ETA 00:04 (frag 30/54)
[download]  57.4% of ~  21.82MiB at    2.52MiB/s ETA 00:04 (frag 30/54)
[download]  57.4% of ~  21.82MiB at    2.52MiB/s ETA 00:04 (frag 30/54)
[download]  57.5% of ~  21.84MiB at    2.52MiB/s ETA 00:04 (frag 30/54)
[download]  57.6% of ~  21.86MiB at    2.52MiB/s ETA 00:04 (frag 30/54)
[download]  57.7% of ~  21.92MiB at    2.52MiB/s ETA 00:04 (frag 30/54)
[download]  58.0% of ~  22.03MiB at    2.51MiB/s ETA 00:04 (frag 30/54)
[download]  58.5% of ~  22.24MiB at    2.51MiB/s ETA 00:04 (frag 30/54)
[download]  57.5% of ~  22.68MiB at    2.51MiB/s ETA 00:04 (frag 30/54)
[download]  55.2% of ~  23.62MiB at    2.51MiB/s ETA 00:04 (frag 31/54)
[download]  59.3% of ~  22.01MiB at    2.49MiB/s ETA 00:04 (frag 31/54)
[download]  59.3% of ~  22.01MiB at    2.49MiB/s ETA 00:04 (frag 31/54)
[download]  59.3% of ~  22.01MiB at    2.49MiB/s ETA 00:04 (frag 31/54)
[download]  59.3% of ~  22.02MiB at    2.49MiB/s ETA 00:04 (frag 31/54)
[download]  59.3% of ~  22.03MiB at    2.49MiB/s ETA 00:04 (frag 31/54)
[download]  59.4% of ~  22.06MiB at    2.49MiB/s ETA 00:04 (frag 31/54)
[download]  59.5% of ~  22.11MiB at    2.49MiB/s ETA 00:04 (frag 31/54)
[download]  59.8% of ~  22.22MiB at    2.49MiB/s ETA 00:03 (frag 31/54)
[download]  60.0% of ~  22.43MiB at    2.49MiB/s ETA 00:03 (frag 31/54)
[download]  57.5% of ~  23.37MiB at    2.49MiB/s ETA 00:03 (frag 32/54)
[download]  61.1% of ~  22.00MiB at    2.48MiB/s ETA 00:03 (frag 32/54)
[download]  61.1% of ~  22.00MiB at    2.48MiB/s ETA 00:03 (frag 32/54)
[download]  61.1% of ~  22.01MiB at    2.48MiB/s ETA 00:03 (frag 32/54)
[download]  61.1% of ~  22.01MiB at    2.48MiB/s ETA 00:03 (frag 32/54)
[download]  61.2% of ~  22.03MiB at    2.48MiB/s ETA 00:03 (frag 32/54)
[download]  61.3% of ~  22.05MiB at    2.48MiB/s ETA 00:03 (frag 32/54)
[download]  61.4% of ~  22.10MiB at    2.48MiB/s ETA 00:03 (frag 32/54)
[download]  61.6% of ~  22.20MiB at    2.48MiB/s ETA 00:03 (frag 32/54)
[download]  60.1% of ~  22.77MiB at    2.48MiB/s ETA 00:03 (frag 33/54)
[download]  63.0% of ~  21.73MiB at    2.48MiB/s ETA 00:03 (frag 33/54)
[download]  63.0% of ~  21.73MiB at    2.48MiB/s ETA 00:03 (frag 33/54)
[download]  63.0% of ~  21.73MiB at    2.48MiB/s ETA 00:03 (frag 33/54)
[download]  63.0% of ~  21.74MiB at    2.48MiB/s ETA 00:03 (frag 33/54)
[download]  63.0% of ~  21.75MiB at    2.47MiB/s ETA 00:03 (frag 33/54)
[download]  63.1% of ~  21.78MiB at    2.47MiB/s ETA 00:03 (frag 33/54)
[download]  63.2% of ~  21.83MiB at    2.47MiB/s ETA 00:03 (frag 33/54)
[download]  63.5% of ~  21.93MiB at    2.47MiB/s ETA 00:03 (frag 33/54)
[download]  64.1% of ~  22.12MiB at    2.49MiB/s ETA 00:03 (frag 33/54)
[download]  63.2% of ~  22.52MiB at    2.49MiB/s ETA 00:03 (frag 33/54)
[download]  60.6% of ~  23.50MiB at    2.49MiB/s ETA 00:03 (frag 34/54)
[download]  64.8% of ~  21.97MiB at    2.47MiB/s ETA 00:03 (frag 34/54)
[download]  64.8% of ~  21.97MiB at    2.47MiB/s ETA 00:03 (frag 34/54)
[download]  64.8% of ~  21.97MiB at    2.47MiB/s ETA 00:03 (frag 34/54)
[download]  64.9% of ~  21.98MiB at    2.47MiB/s ETA 00:03 (frag 34/54)
[download]  64.9% of ~  21.99MiB at    2.47MiB/s ETA 00:03 (frag 34/54)
[download]  65.0% of ~  22.01MiB at    2.47MiB/s ETA 00:03 (frag 34/54)
[download]  65.1% of ~  22.06MiB at    2.47MiB/s ETA 00:03 (frag 34/54)
[download]  65.4% of ~  22.16MiB at    2.48MiB/s ETA 00:03 (frag 34/54)
[download]  65.9% of ~  22.35MiB at    2.48MiB/s ETA 00:03 (frag 34/54)
[download]  65.0% of ~  22.74MiB at    2.49MiB/s ETA 00:03 (frag 34/54)
[download]  62.6% of ~  23.61MiB at    2.49MiB/s ETA 00:03 (frag 35/54)
[download]  66.7% of ~  22.15MiB at    2.49MiB/s ETA 00:03 (frag 35/54)
[download]  66.7% of ~  22.15MiB at    2.49MiB/s ETA 00:03 (frag 35/54)
[download]  66.7% of ~  22.16MiB at    2.49MiB/s ETA 00:03 (frag 35/54)
[download]  66.7% of ~  22.16MiB at    2.49MiB/s ETA 00:03 (frag 35/54)
[download]  66.7% of ~  22.18MiB at    2.49MiB/s ETA 00:03 (frag 35/54)
[download]  66.8% of ~  22.20MiB at    2.49MiB/s ETA 00:03 (frag 35/54)
[download]  66.9% of ~  22.25MiB at    2.49MiB/s ETA 00:03 (frag 35/54)
[download]  67.2% of ~  22.34MiB at    2.49MiB/s ETA 00:03 (frag 35/54)
[download]  67.5% of ~  22.53MiB at    2.48MiB/s ETA 00:03 (frag 35/54)
[download]  64.8% of ~  23.46MiB at    2.48MiB/s ETA 00:03 (frag 36/54)
[download]  68.5% of ~  22.19MiB at    2.48MiB/s ETA 00:03 (frag 36/54)
[download]  68.5% of ~  22.19MiB at    2.48MiB/s ETA 00:03 (frag 36/54)
[download]  68.5% of ~  22.20MiB at    2.48MiB/s ETA 00:03 (frag 36/54)
[download]  68.6% of ~  22.20MiB at    2.48MiB/s ETA 00:03 (frag 36/54)
[download]  68.6% of ~  22.21MiB at    2.48MiB/s ETA 00:03 (frag 36/54)
[download]  68.7% of ~  22.24MiB at    2.47MiB/s ETA 00:03 (frag 36/54)
[download]  68.8% of ~  22.28MiB at    2.47MiB/s ETA 00:03 (frag 36/54)
[download]  69.1% of ~  22.37MiB at    2.47MiB/s ETA 00:03 (frag 36/54)
[download]  68.7% of ~  22.55MiB at    2.47MiB/s ETA 00:03 (frag 36/54)
[download]  67.2% of ~  23.06MiB at    2.47MiB/s ETA 00:03 (frag 37/54)
[download]  70.4% of ~  22.03MiB at    2.47MiB/s ETA 00:03 (frag 37/54)
[download]  70.4% of ~  22.03MiB at    2.47MiB/s ETA 00:03 (frag 37/54)
[download]  70.4% of ~  22.04MiB at    2.47MiB/s ETA 00:03 (frag 37/54)
[download]  70.4% of ~  22.04MiB at    2.47MiB/s ETA 00:03 (frag 37/54)
[download]  70.4% of ~  22.05MiB at    2.45MiB/s ETA 00:03 (frag 37/54)
[download]  70.5% of ~  22.08MiB at    2.45MiB/s ETA 00:03 (frag 37/54)
[download]  70.7% of ~  22.12MiB at    2.45MiB/s ETA 00:03 (frag 37/54)
[download]  70.9% of ~  22.21MiB at    2.44MiB/s ETA 00:03 (frag 37/54)
[download]  70.5% of ~  22.39MiB at    2.44MiB/s ETA 00:03 (frag 37/54)
[download]  69.1% of ~  22.85MiB at    2.44MiB/s ETA 00:03 (frag 38/54)
[download]  72.2% of ~  21.86MiB at    2.44MiB/s ETA 00:03 (frag 38/54)
[download]  72.2% of ~  21.87MiB at    2.44MiB/s ETA 00:03 (frag 38/54)
[download]  72.2% of ~  21.87MiB at    2.44MiB/s ETA 00:03 (frag 38/54)
[download]  72.3% of ~  21.87MiB at    2.44MiB/s ETA 00:03 (frag 38/54)
[download]  72.3% of ~  21.89MiB at    2.44MiB/s ETA 00:03 (frag 38/54)
[download]  72.4% of ~  21.91MiB at    2.44MiB/s ETA 00:03 (frag 38/54)
[download]  72.5% of ~  21.95MiB at    2.44MiB/s ETA 00:03 (frag 38/54)
[download]  72.8% of ~  22.04MiB at    2.43MiB/s ETA 00:03 (frag 38/54)
[download]  71.2% of ~  22.53MiB at    2.43MiB/s ETA 00:03 (frag 39/54)
[download]  74.1% of ~  21.64MiB at    2.43MiB/s ETA 00:03 (frag 39/54)
[download]  74.1% of ~  21.65MiB at    2.42MiB/s ETA 00:02 (frag 39/54)
[download]  74.1% of ~  21.65MiB at    2.42MiB/s ETA 00:02 (frag 39/54)
[download]  74.1% of ~  21.65MiB at    2.42MiB/s ETA 00:02 (frag 39/54)
[download]  74.1% of ~  21.66MiB at    2.42MiB/s ETA 00:02 (frag 39/54)
[download]  74.2% of ~  21.68MiB at    2.42MiB/s ETA 00:02 (frag 39/54)
[download]  74.4% of ~  21.73MiB at    2.42MiB/s ETA 00:02 (frag 39/54)
[download]  74.6% of ~  21.81MiB at    2.45MiB/s ETA 00:02 (frag 39/54)
[download]  74.3% of ~  21.98MiB at    2.45MiB/s ETA 00:02 (frag 39/54)
[download]  72.8% of ~  22.43MiB at    2.45MiB/s ETA 00:02 (frag 40/54)
[download]  75.9% of ~  21.50MiB at    2.45MiB/s ETA 00:02 (frag 40/54)
[download]  75.9% of ~  21.50MiB at    2.45MiB/s ETA 00:02 (frag 40/54)
[download]  75.9% of ~  21.51MiB at    2.45MiB/s ETA 00:02 (frag 40/54)
[download]  76.0% of ~  21.51MiB at    2.45MiB/s ETA 00:02 (frag 40/54)
[download]  76.0% of ~  21.52MiB at    2.45MiB/s ETA 00:02 (frag 40/54)
[download]  76.1% of ~  21.54MiB at    2.45MiB/s ETA 00:02 (frag 40/54)
[download]  76.2% of ~  21.58MiB at    2.45MiB/s ETA 00:02 (frag 40/54)
[download]  76.5% of ~  21.67MiB at    2.48MiB/s ETA 00:02 (frag 40/54)
[download]  76.7% of ~  21.83MiB at    2.48MiB/s ETA 00:02 (frag 40/54)
[download]  74.1% of ~  22.58MiB at    2.48MiB/s ETA 00:02 (frag 41/54)
[download]  77.8% of ~  21.51MiB at    2.50MiB/s ETA 00:02 (frag 41/54)
[download]  77.8% of ~  21.52MiB at    2.50MiB/s ETA 00:02 (frag 41/54)
[download]  77.8% of ~  21.52MiB at    2.50MiB/s ETA 00:02 (frag 41/54)
[download]  77.8% of ~  21.52MiB at    2.50MiB/s ETA 00:02 (frag 41/54)
[download]  77.9% of ~  21.53MiB at    2.50MiB/s ETA 00:02 (frag 41/54)
[download]  77.9% of ~  21.55MiB at    2.50MiB/s ETA 00:02 (frag 41/54)
[download]  78.1% of ~  21.59MiB at    2.50MiB/s ETA 00:02 (frag 41/54)
[download]  78.4% of ~  21.67MiB at    2.53MiB/s ETA 00:02 (frag 41/54)
[download]  77.9% of ~  21.83MiB at    2.53MiB/s ETA 00:02 (frag 41/54)
[download]  76.5% of ~  22.24MiB at    2.53MiB/s ETA 00:02 (frag 42/54)
[download]  79.6% of ~  21.37MiB at    2.55MiB/s ETA 00:02 (frag 42/54)
[download]  79.6% of ~  21.37MiB at    2.55MiB/s ETA 00:02 (frag 42/54)
[download]  79.6% of ~  21.37MiB at    2.55MiB/s ETA 00:02 (frag 42/54)
[download]  79.7% of ~  21.38MiB at    2.55MiB/s ETA 00:02 (frag 42/54)
[download]  79.7% of ~  21.39MiB at    2.55MiB/s ETA 00:02 (frag 42/54)
[download]  79.8% of ~  21.41MiB at    2.55MiB/s ETA 00:02 (frag 42/54)
[download]  79.9% of ~  21.44MiB at    2.55MiB/s ETA 00:02 (frag 42/54)
[download]  80.2% of ~  21.52MiB at    2.57MiB/s ETA 00:02 (frag 42/54)
[download]  79.6% of ~  21.68MiB at    2.57MiB/s ETA 00:02 (frag 42/54)
[download]  78.5% of ~  22.00MiB at    2.57MiB/s ETA 00:02 (frag 43/54)
[download]  81.5% of ~  21.19MiB at    2.57MiB/s ETA 00:02 (frag 43/54)
[download]  81.5% of ~  21.19MiB at    2.57MiB/s ETA 00:02 (frag 43/54)
[download]  81.5% of ~  21.20MiB at    2.57MiB/s ETA 00:02 (frag 43/54)
[download]  81.5% of ~  21.20MiB at    2.57MiB/s ETA 00:02 (frag 43/54)
[download]  81.6% of ~  21.21MiB at    2.57MiB/s ETA 00:02 (frag 43/54)
[download]  81.6% of ~  21.23MiB at    2.57MiB/s ETA 00:02 (frag 43/54)
[download]  81.8% of ~  21.27MiB at    2.57MiB/s ETA 00:02 (frag 43/54)
[download]  82.1% of ~  21.34MiB at    2.58MiB/s ETA 00:02 (frag 43/54)
[download]  82.6% of ~  21.50MiB at    2.58MiB/s ETA 00:02 (frag 43/54)
[download]  79.3% of ~  22.40MiB at    2.58MiB/s ETA 00:02 (frag 44/54)
[download]  83.3% of ~  21.31MiB at    2.59MiB/s ETA 00:02 (frag 44/54)
[download]  83.3% of ~  21.31MiB at    2.59MiB/s ETA 00:02 (frag 44/54)
[download]  83.4% of ~  21.32MiB at    2.59MiB/s ETA 00:02 (frag 44/54)
[download]  83.4% of ~  21.32MiB at    2.59MiB/s ETA 00:02 (frag 44/54)
[download]  83.4% of ~  21.33MiB at    2.59MiB/s ETA 00:02 (frag 44/54)
[download]  83.5% of ~  21.35MiB at    2.59MiB/s ETA 00:02 (frag 44/54)
[download]  83.6% of ~  21.39MiB at    2.59MiB/s ETA 00:02 (frag 44/54)
[download]  83.9% of ~  21.46MiB at    2.61MiB/s ETA 00:02 (frag 44/54)
[download]  84.5% of ~  21.61MiB at    2.61MiB/s ETA 00:01 (frag 44/54)
[download]  83.4% of ~  21.91MiB at    2.61MiB/s ETA 00:01 (frag 44/54)
[download]  81.1% of ~  22.53MiB at    2.61MiB/s ETA 00:01 (frag 45/54)
[download]  85.2% of ~  21.44MiB at    2.60MiB/s ETA 00:01 (frag 45/54)
[download]  85.2% of ~  21.44MiB at    2.60MiB/s ETA 00:01 (frag 45/54)
[download]  85.2% of ~  21.45MiB at    2.60MiB/s ETA 00:01 (frag 45/54)
[download]  85.2% of ~  21.45MiB at    2.60MiB/s ETA 00:01 (frag 45/54)
[download]  85.3% of ~  21.46MiB at    2.60MiB/s ETA 00:01 (frag 45/54)
[download]  85.3% of ~  21.48MiB at    2.60MiB/s ETA 00:01 (frag 45/54)
[download]  85.5% of ~  21.52MiB at    2.60MiB/s ETA 00:01 (frag 45/54)
[download]  85.8% of ~  21.59MiB at    2.59MiB/s ETA 00:01 (frag 45/54)
[download]  86.3% of ~  21.74MiB at    2.59MiB/s ETA 00:01 (frag 45/54)
[download]  85.2% of ~  22.03MiB at    2.59MiB/s ETA 00:01 (frag 45/54)
[download]  83.0% of ~  22.62MiB at    2.59MiB/s ETA 00:01 (frag 46/54)
[download]  87.0% of ~  21.56MiB at    2.59MiB/s ETA 00:01 (frag 46/54)
[download]  87.0% of ~  21.57MiB at    2.59MiB/s ETA 00:01 (frag 46/54)
[download]  87.1% of ~  21.57MiB at    2.59MiB/s ETA 00:01 (frag 46/54)
[download]  87.1% of ~  21.57MiB at    2.59MiB/s ETA 00:01 (frag 46/54)
[download]  87.1% of ~  21.58MiB at    2.59MiB/s ETA 00:01 (frag 46/54)
[download]  87.2% of ~  21.60MiB at    2.59MiB/s ETA 00:01 (frag 46/54)
[download]  87.3% of ~  21.63MiB at    2.59MiB/s ETA 00:01 (frag 46/54)
[download]  87.6% of ~  21.71MiB at    2.60MiB/s ETA 00:01 (frag 46/54)
[download]  88.1% of ~  21.85MiB at    2.60MiB/s ETA 00:01 (frag 46/54)
[download]  84.9% of ~  22.69MiB at    2.60MiB/s ETA 00:01 (frag 47/54)
[download]  88.9% of ~  21.66MiB at    2.61MiB/s ETA 00:01 (frag 47/54)
[download]  88.9% of ~  21.67MiB at    2.61MiB/s ETA 00:01 (frag 47/54)
[download]  88.9% of ~  21.67MiB at    2.61MiB/s ETA 00:01 (frag 47/54)
[download]  88.9% of ~  21.67MiB at    2.61MiB/s ETA 00:01 (frag 47/54)
[download]  89.0% of ~  21.68MiB at    2.61MiB/s ETA 00:01 (frag 47/54)
[download]  89.0% of ~  21.70MiB at    2.61MiB/s ETA 00:01 (frag 47/54)
[download]  89.2% of ~  21.73MiB at    2.61MiB/s ETA 00:01 (frag 47/54)
[download]  89.5% of ~  21.80MiB at    2.62MiB/s ETA 00:01 (frag 47/54)
[download]  89.4% of ~  21.94MiB at    2.62MiB/s ETA 00:01 (frag 47/54)
[download]  87.2% of ~  22.50MiB at    2.62MiB/s ETA 00:01 (frag 48/54)
[download]  90.7% of ~  21.63MiB at    2.61MiB/s ETA 00:01 (frag 48/54)
[download]  90.7% of ~  21.63MiB at    2.61MiB/s ETA 00:01 (frag 48/54)
[download]  90.8% of ~  21.63MiB at    2.61MiB/s ETA 00:01 (frag 48/54)
[download]  90.8% of ~  21.64MiB at    2.61MiB/s ETA 00:01 (frag 48/54)
[download]  90.8% of ~  21.65MiB at    2.61MiB/s ETA 00:01 (frag 48/54)
[download]  90.9% of ~  21.66MiB at    2.61MiB/s ETA 00:01 (frag 48/54)
[download]  91.0% of ~  21.70MiB at    2.61MiB/s ETA 00:01 (frag 48/54)
[download]  91.3% of ~  21.77MiB at    2.62MiB/s ETA 00:01 (frag 48/54)
[download]  90.7% of ~  21.90MiB at    2.62MiB/s ETA 00:01 (frag 48/54)
[download]  89.6% of ~  22.18MiB at    2.62MiB/s ETA 00:01 (frag 49/54)
[download]  92.6% of ~  21.47MiB at    2.62MiB/s ETA 00:01 (frag 49/54)
[download]  92.6% of ~  21.47MiB at    2.62MiB/s ETA 00:01 (frag 49/54)
[download]  92.6% of ~  21.47MiB at    2.62MiB/s ETA 00:01 (frag 49/54)
[download]  92.6% of ~  21.47MiB at    2.62MiB/s ETA 00:01 (frag 49/54)
[download]  92.7% of ~  21.48MiB at    2.63MiB/s ETA 00:01 (frag 49/54)
[download]  92.7% of ~  21.50MiB at    2.63MiB/s ETA 00:01 (frag 49/54)
[download]  92.9% of ~  21.53MiB at    2.63MiB/s ETA 00:01 (frag 49/54)
[download]  93.2% of ~  21.60MiB at    2.63MiB/s ETA 00:01 (frag 49/54)
[download]  93.5% of ~  21.74MiB at    2.63MiB/s ETA 00:01 (frag 49/54)
[download]  90.6% of ~  22.41MiB at    2.63MiB/s ETA 00:01 (frag 50/54)
[download]  94.4% of ~  21.51MiB at    2.63MiB/s ETA 00:01 (frag 50/54)
[download]  94.5% of ~  21.51MiB at    2.63MiB/s ETA 00:01 (frag 50/54)
[download]  94.5% of ~  21.51MiB at    2.63MiB/s ETA 00:01 (frag 50/54)
[download]  94.5% of ~  21.52MiB at    2.63MiB/s ETA 00:01 (frag 50/54)
[download]  94.5% of ~  21.52MiB at    2.63MiB/s ETA 00:01 (frag 50/54)
[download]  94.6% of ~  21.54MiB at    2.63MiB/s ETA 00:01 (frag 50/54)
[download]  94.7% of ~  21.57MiB at    2.63MiB/s ETA 00:01 (frag 50/54)
[download]  95.0% of ~  21.64MiB at    2.64MiB/s ETA 00:01 (frag 50/54)
[download]  94.7% of ~  21.77MiB at    2.64MiB/s ETA 00:01 (frag 50/54)
[download]  93.0% of ~  22.17MiB at    2.64MiB/s ETA 00:01 (frag 51/54)
[download]  96.3% of ~  21.42MiB at    2.62MiB/s ETA 00:00 (frag 51/54)
[download]  96.3% of ~  21.42MiB at    2.62MiB/s ETA 00:00 (frag 51/54)
[download]  96.3% of ~  21.42MiB at    2.62MiB/s ETA 00:00 (frag 51/54)
[download]  96.3% of ~  21.43MiB at    2.62MiB/s ETA 00:00 (frag 51/54)
[download]  96.4% of ~  21.44MiB at    2.62MiB/s ETA 00:00 (frag 51/54)
[download]  96.4% of ~  21.45MiB at    2.62MiB/s ETA 00:00 (frag 51/54)
[download]  96.6% of ~  21.48MiB at    2.62MiB/s ETA 00:00 (frag 51/54)
[download]  96.9% of ~  21.55MiB at    2.62MiB/s ETA 00:00 (frag 51/54)
[download]  97.4% of ~  21.68MiB at    2.63MiB/s ETA 00:00 (frag 51/54)
[download]  97.2% of ~  21.94MiB at    2.65MiB/s ETA 00:00 (frag 51/54)
[download]  93.2% of ~  22.89MiB at    2.65MiB/s ETA 00:00 (frag 52/54)
[download]  98.2% of ~  21.74MiB at    2.65MiB/s ETA 00:00 (frag 52/54)
[download]  98.2% of ~  21.74MiB at    2.65MiB/s ETA 00:00 (frag 52/54)
[download]  98.2% of ~  21.74MiB at    2.65MiB/s ETA 00:00 (frag 52/54)
[download]  98.2% of ~  21.74MiB at    2.65MiB/s ETA 00:00 (frag 52/54)
[download]  98.2% of ~  21.75MiB at    2.65MiB/s ETA 00:00 (frag 52/54)
[download]  98.3% of ~  21.77MiB at    2.65MiB/s ETA 00:00 (frag 52/54)
[download]  98.4% of ~  21.80MiB at    2.65MiB/s ETA 00:00 (frag 52/54)
[download]  98.5% of ~  21.86MiB at    2.64MiB/s ETA 00:00 (frag 52/54)
[download]  97.2% of ~  22.16MiB at    2.64MiB/s ETA 00:00 (frag 53/54)
[download] 100.0% of ~  21.54MiB at    2.64MiB/s ETA 00:00 (frag 53/54)
[download] 100.0% of ~  21.55MiB at    2.64MiB/s ETA 00:00 (frag 53/54)
[download] 100.0% of ~  21.55MiB at    2.64MiB/s ETA 00:00 (frag 53/54)
[download] 100.0% of ~  21.55MiB at    2.64MiB/s ETA 00:00 (frag 54/54)
[download] 100% of   21.55MiB in 00:00:08 at 2.48MiB/s                 
[FixupM3u8] Fixing MPEG-TS in MP4 container of "/Users/akash/Documents/all_rounder_yt_automation/runs/XOcm-InX80Y/yt_dlp/XOcm-InX80Y.mp4"
WARNING: [youtube] Skipping client "ios" since it does not support cookies
WARNING: [youtube] XOcm-InX80Y: Some web_safari client subtitles require a PO Token which was not provided. They will be discarded since they are not downloadable as-is. You can manually pass a Subtitles PO Token for this client with --extractor-args "youtube:po_token=web_safari.subs+XXX" . For more information, refer to  https://github.com/yt-dlp/yt-dlp/wiki/PO-Token-Guide
WARNING: [youtube] XOcm-InX80Y: There are missing subtitles languages because a PO token was not provided. Automatic captions for 1 languages are missing.
